2026/09/02 21:28:06 NOTICE: gdrive: This remote uses rclone's shared Google Drive client_id, which is being retired and will stop working during 2026. Create your own client_id to avoid interruption: https://rclone.org/drive/#making-your-own-client-id
2026/09/02 21:28:50 INFO  : source.mov: Copied (new)
2026/09/02 21:28:52 INFO  : Above_the_Hill_Developments_Ultimate_Package (4)/Gated_Bridge_Cinematic.mp4: Copied (new)
2026/09/02 21:28:53 INFO  : Above_the_Hill_Developments_Ultimate_Package (4)/Trading_Tower_Walkthrough.mp4: Copied (new)
2026/09/02 21:28:55 INFO  : Above_the_Hill_Developments_Ultimate_Package (4)/Wealthy_Mindsets_World_Founder_Vision.pptx: Copied (new)
2026/09/02 21:28:58 INFO  : Above_the_Hill_Developments_Ultimate_Package (1) 2/.DS_Store: Copied (new)
2026/09/02 21:29:00 INFO  : Above_the_Hill_Developments_Ultimate_Package (1) 2/Trading_Tower_Walkthrough.mp4: Copied (new)
2026/09/02 21:29:11 NOTICE:    45.459 MiB / 220.959 MiB, 21%, 1.230 MiB/s, ETA 2m22s (xfr#6/459)
2026/09/02 21:29:28 INFO  : Above_the_Hill_Developments_Ultimate_Package (1)/Above_the_Hill_Developments_Founder_Vision_Deck.pptx: Copied (new)
2026/09/02 21:29:31 INFO  : Above_the_Hill_Developments_Ultimate_Package (1)/Gated_Bridge_Cinematic.mp4: Copied (new)
2026/09/02 21:29:32 INFO  : Above_the_Hill_Developments_Ultimate_Package (1)/Trading_Tower_Walkthrough.mp4: Copied (new)
2026/09/02 21:29:34 INFO  : Above_the_Hill_Developments_Ultimate_Package (1)/Wealthy_Mindsets_World_Founder_Vision.pptx: Copied (new)
2026/09/02 21:29:37 INFO  : Above_the_Hill_Developments_Ultimate_Package (6)/.DS_Store: Copied (new)
2026/09/02 21:29:39 INFO  : Above_the_Hill_Developments_Ultimate_Package (6)/Above_the_Hill_Developments_Founder_Vision_Deck.pptx: Copied (new)
2026/09/02 21:29:41 INFO  : Above_the_Hill_Developments_Ultimate_Package (6)/Gated_Bridge_Cinematic.mp4: Copied (new)
2026/09/02 21:29:41 NOTICE:    55.478 MiB / 220.959 MiB, 25%, 561.043 KiB/s, ETA 5m2s (xfr#13/459)
2026/09/02 21:29:42 INFO  : Above_the_Hill_Developments_Ultimate_Package (6)/Trading_Tower_Walkthrough.mp4: Copied (new)
2026/09/02 21:29:44 INFO  : Above_the_Hill_Developments_Ultimate_Package (6)/Wealthy_Mindsets_World_Founder_Vision.pptx: Copied (new)
2026/09/02 21:29:47 INFO  : Above_the_Hill_Developments_Ultimate_Package (2)/Above_the_Hill_Developments_Founder_Vision_Deck.pptx: Copied (new)
2026/09/02 21:29:51 INFO  : Above_the_Hill_Developments_Ultimate_Package (2)/Gated_Bridge_Cinematic.mp4: Copied (new)
2026/09/02 21:29:52 INFO  : Above_the_Hill_Developments_Ultimate_Package (2)/Trading_Tower_Walkthrough.mp4: Copied (new)
2026/09/02 21:29:54 INFO  : Above_the_Hill_Developments_Ultimate_Package (2)/Wealthy_Mindsets_World_Founder_Vision.pptx: Copied (new)
2026/09/02 21:29:57 INFO  : Above_the_Hill_Developments_Ultimate_Package (2) 2/Above_the_Hill_Developments_Founder_Vision_Deck.pptx: Copied (new)
2026/09/02 21:29:59 INFO  : Above_the_Hill_Developments_Ultimate_Package (2) 2/Gated_Bridge_Cinematic.mp4: Copied (new)
2026/09/02 21:30:01 INFO  : Above_the_Hill_Developments_Ultimate_Package (2) 2/Trading_Tower_Walkthrough.mp4: Copied (new)
2026/09/02 21:30:11 NOTICE:    70.376 MiB / 224.716 MiB, 31%, 414.148 KiB/s, ETA 6m21s (xfr#22/459)
2026/09/02 21:30:29 INFO  : Above_the_Hill_Developments_Ultimate_Package (2) 2/Wealthy_Mindsets_World_Founder_Vision.pptx: Copied (new)
2026/09/02 21:30:33 INFO  : Above_the_Hill_Developments_Ultimate_Package 3/Above_the_Hill_Developments_Founder_Vision_Deck.pptx: Copied (new)
2026/09/02 21:30:35 INFO  : Above_the_Hill_Developments_Ultimate_Package 3/Gated_Bridge_Cinematic.mp4: Copied (new)
2026/09/02 21:30:37 INFO  : Above_the_Hill_Developments_Ultimate_Package 3/Trading_Tower_Walkthrough.mp4: Copied (new)
2026/09/02 21:30:39 INFO  : Above_the_Hill_Developments_Ultimate_Package 3/Wealthy_Mindsets_World_Founder_Vision.pptx: Copied (new)
2026/09/02 21:30:41 NOTICE:    77.756 MiB / 224.716 MiB, 35%, 402.696 KiB/s, ETA 6m13s (xfr#27/459)
2026/09/02 21:30:42 INFO  : Above_the_Hill_Developments_Ultimate_Package 2/Above_the_Hill_Developments_Founder_Vision_Deck.pptx: Copied (new)
2026/09/02 21:30:45 INFO  : Above_the_Hill_Developments_Ultimate_Package 2/Gated_Bridge_Cinematic.mp4: Copied (new)
2026/09/02 21:30:46 INFO  : Above_the_Hill_Developments_Ultimate_Package 2/Trading_Tower_Walkthrough.mp4: Copied (new)
2026/09/02 21:30:47 INFO  : grok-video-1b74e680-ce9f-4b47-8747-f348e937ffad.mp4: Copied (new)
2026/09/02 21:30:47 INFO  : Above_the_Hill_Developments_Ultimate_Package (4)/Above_the_Hill_Developments_Founder_Vision_Deck.pptx: Copied (new)
2026/09/02 21:30:50 INFO  : Above_the_Hill_Developments_Ultimate_Package (6)/videos/Gated_Bridge_Cinematic.mp4: Copied (new)
2026/09/02 21:30:52 INFO  : Above_the_Hill_Developments_Ultimate_Package (2)/videos/Gated_Bridge_Cinematic.mp4: Copied (new)
2026/09/02 21:30:52 INFO  : Above_the_Hill_Developments_Ultimate_Package (6)/videos/Trading_Tower_Walkthrough.mp4: Copied (new)
2026/09/02 21:30:52 INFO  : Above_the_Hill_Developments_Ultimate_Package (2)/videos/Trading_Tower_Walkthrough.mp4: Copied (new)
2026/09/02 21:30:55 INFO  : Above_the_Hill_Developments_Ultimate_Package (4)/videos/Gated_Bridge_Cinematic.mp4: Copied (new)
2026/09/02 21:30:56 INFO  : Above_the_Hill_Developments_Ultimate_Package (4)/videos/Trading_Tower_Walkthrough.mp4: Copied (new)
2026/09/02 21:30:56 INFO  : Above_the_Hill_Developments_Ultimate_Package (2)/imagine_images/04MLY.jpg: Copied (new)
2026/09/02 21:30:57 INFO  : Above_the_Hill_Developments_Ultimate_Package (2)/imagine_images/07zpX.jpg: Copied (new)
2026/09/02 21:31:11 NOTICE:    92.369 MiB / 225.291 MiB, 41%, 306.319 KiB/s, ETA 7m24s (xfr#40/459)
2026/09/02 21:31:35 INFO  : Above_the_Hill_Developments_Ultimate_Package (2)/imagine_images/0D1zp.jpg: Copied (new)
2026/09/02 21:31:37 INFO  : Above_the_Hill_Developments_Ultimate_Package (2)/imagine_images/1dpRT.jpg: Copied (new)
2026/09/02 21:31:40 INFO  : Above_the_Hill_Developments_Ultimate_Package (6)/imagine_images/0D1zp.jpg: Copied (new)
2026/09/02 21:31:41 NOTICE:    93.343 MiB / 225.291 MiB, 41%, 90.589 KiB/s, ETA 24m51s (xfr#43/459)
2026/09/02 21:31:51 INFO  : Above_the_Hill_Developments_Ultimate_Package (6)/imagine_images/07zpX.jpg: Copied (new)
2026/09/02 21:31:52 INFO  : Above_the_Hill_Developments_Ultimate_Package (6)/imagine_images/04MLY.jpg: Copied (new)
2026/09/02 21:31:53 INFO  : Above_the_Hill_Developments_Ultimate_Package (2)/imagine_images/3AAtC.jpg: Copied (new)
2026/09/02 21:31:54 INFO  : Above_the_Hill_Developments_Ultimate_Package (2)/imagine_images/5PQb5.jpg: Copied (new)
2026/09/02 21:31:56 INFO  : Above_the_Hill_Developments_Ultimate_Package (2)/imagine_images/7cW0n.jpg: Copied (new)
2026/09/02 21:31:57 INFO  : Above_the_Hill_Developments_Ultimate_Package (2)/imagine_images/9PHnd.jpg: Copied (new)
2026/09/02 21:31:57 INFO  : Above_the_Hill_Developments_Ultimate_Package (2)/imagine_images/8Ottm.jpg: Copied (new)
2026/09/02 21:31:59 INFO  : Above_the_Hill_Developments_Ultimate_Package (2)/imagine_images/9W9sh.jpg: Copied (new)
2026/09/02 21:32:11 NOTICE:    96.767 MiB / 226.498 MiB, 43%, 103.005 KiB/s, ETA 21m29s (xfr#51/459)
2026/09/02 21:32:24 INFO  : Above_the_Hill_Developments_Ultimate_Package (2)/imagine_images/CRoCh.jpg: Copied (new)
2026/09/02 21:32:26 INFO  : Above_the_Hill_Developments_Ultimate_Package (2)/imagine_images/DJNuz.jpg: Copied (new)
2026/09/02 21:32:28 INFO  : Above_the_Hill_Developments_Ultimate_Package (2)/imagine_images/Ennjz.jpg: Copied (new)
2026/09/02 21:32:28 INFO  : Above_the_Hill_Developments_Ultimate_Package (2)/imagine_images/DGkF6.jpg: Copied (new)
2026/09/02 21:32:29 INFO  : Above_the_Hill_Developments_Ultimate_Package (2)/imagine_images/BkVl8.jpg: Copied (new)
2026/09/02 21:32:31 INFO  : Above_the_Hill_Developments_Ultimate_Package (2)/imagine_images/HcFdj.jpg: Copied (new)
2026/09/02 21:32:31 INFO  : Above_the_Hill_Developments_Ultimate_Package (2)/imagine_images/Hs3zw.jpg: Copied (new)
2026/09/02 21:32:32 INFO  : Above_the_Hill_Developments_Ultimate_Package (2)/imagine_images/IFROR.jpg: Copied (new)
2026/09/02 21:32:33 INFO  : Above_the_Hill_Developments_Ultimate_Package (2)/imagine_images/JYQ6Z.jpg: Copied (new)
2026/09/02 21:32:34 INFO  : Above_the_Hill_Developments_Ultimate_Package (2)/imagine_images/JumTz.jpg: Copied (new)
2026/09/02 21:32:34 INFO  : Above_the_Hill_Developments_Ultimate_Package (2)/imagine_images/LgBzY.jpg: Copied (new)
2026/09/02 21:32:35 INFO  : Above_the_Hill_Developments_Ultimate_Package (2)/imagine_images/M9be2.jpg: Copied (new)
2026/09/02 21:32:36 INFO  : Above_the_Hill_Developments_Ultimate_Package (2)/imagine_images/Myflu.jpg: Copied (new)
2026/09/02 21:32:37 INFO  : Above_the_Hill_Developments_Ultimate_Package (2)/imagine_images/Ni21r.jpg: Copied (new)
2026/09/02 21:32:37 INFO  : Above_the_Hill_Developments_Ultimate_Package (2)/imagine_images/PJc51.jpg: Copied (new)
2026/09/02 21:32:39 INFO  : Above_the_Hill_Developments_Ultimate_Package (2)/imagine_images/QLU4k.jpg: Copied (new)
2026/09/02 21:32:39 INFO  : Above_the_Hill_Developments_Ultimate_Package (2)/imagine_images/R6lde.jpg: Copied (new)
2026/09/02 21:32:39 INFO  : Above_the_Hill_Developments_Ultimate_Package (2)/imagine_images/RchFV.jpg: Copied (new)
2026/09/02 21:32:41 INFO  : Above_the_Hill_Developments_Ultimate_Package (2)/imagine_images/SHH0k.jpg: Copied (new)
2026/09/02 21:32:41 INFO  : Above_the_Hill_Developments_Ultimate_Package (2)/imagine_images/SpImH.jpg: Copied (new)
2026/09/02 21:32:41 INFO  : Above_the_Hill_Developments_Ultimate_Package (2)/imagine_images/TvZOf.jpg: Copied (new)
2026/09/02 21:32:41 NOTICE:   103.539 MiB / 226.767 MiB, 46%, 268.155 KiB/s, ETA 7m50s (xfr#72/459)
2026/09/02 21:32:43 INFO  : Above_the_Hill_Developments_Ultimate_Package (2)/imagine_images/XbOZZ.jpg: Copied (new)
2026/09/02 21:32:43 INFO  : Above_the_Hill_Developments_Ultimate_Package (2)/imagine_images/aqbMW.jpg: Copied (new)
2026/09/02 21:32:43 INFO  : Above_the_Hill_Developments_Ultimate_Package (2)/imagine_images/XtIag.jpg: Copied (new)
2026/09/02 21:32:45 INFO  : Above_the_Hill_Developments_Ultimate_Package (2)/imagine_images/e3sC2.jpg: Copied (new)
2026/09/02 21:32:45 INFO  : Above_the_Hill_Developments_Ultimate_Package (2)/imagine_images/cfJqY.jpg: Copied (new)
2026/09/02 21:32:45 INFO  : Above_the_Hill_Developments_Ultimate_Package (2)/imagine_images/eIPw7.jpg: Copied (new)
2026/09/02 21:32:47 INFO  : Above_the_Hill_Developments_Ultimate_Package (2)/imagine_images/eNHFV.jpg: Copied (new)
2026/09/02 21:32:47 INFO  : Above_the_Hill_Developments_Ultimate_Package (2)/imagine_images/g73xf.jpg: Copied (new)
2026/09/02 21:32:48 INFO  : Above_the_Hill_Developments_Ultimate_Package (2)/imagine_images/g9fCQ.jpg: Copied (new)
2026/09/02 21:32:50 INFO  : Above_the_Hill_Developments_Ultimate_Package (2)/imagine_images/gFkSs.jpg: Copied (new)
2026/09/02 21:32:50 INFO  : Above_the_Hill_Developments_Ultimate_Package (2)/imagine_images/gDetL.jpg: Copied (new)
2026/09/02 21:32:50 INFO  : Above_the_Hill_Developments_Ultimate_Package (2)/imagine_images/ha7dT.jpg: Copied (new)
2026/09/02 21:32:52 INFO  : Above_the_Hill_Developments_Ultimate_Package (2)/imagine_images/idr4M.jpg: Copied (new)
2026/09/02 21:32:52 INFO  : Above_the_Hill_Developments_Ultimate_Package (2)/imagine_images/jjyMA.jpg: Copied (new)
2026/09/02 21:32:52 INFO  : Above_the_Hill_Developments_Ultimate_Package (2)/imagine_images/jliFQ.jpg: Copied (new)
2026/09/02 21:32:54 INFO  : Above_the_Hill_Developments_Ultimate_Package (2)/imagine_images/l1o5b.jpg: Copied (new)
2026/09/02 21:32:55 INFO  : Above_the_Hill_Developments_Ultimate_Package (2)/imagine_images/lvH3s.jpg: Copied (new)
2026/09/02 21:32:57 INFO  : Above_the_Hill_Developments_Ultimate_Package (2)/imagine_images/n73KI.jpg: Copied (new)
2026/09/02 21:32:57 INFO  : Above_the_Hill_Developments_Ultimate_Package (2)/imagine_images/oEllA.jpg: Copied (new)
2026/09/02 21:32:57 INFO  : Above_the_Hill_Developments_Ultimate_Package (2)/imagine_images/kEoXV.jpg: Copied (new)
2026/09/02 21:33:11 NOTICE:   110.122 MiB / 227.784 MiB, 48%, 165.286 KiB/s, ETA 12m8s (xfr#92/459)
2026/09/02 21:33:35 INFO  : Above_the_Hill_Developments_Ultimate_Package (2)/imagine_images/pHIcS.jpg: Copied (new)
2026/09/02 21:33:37 INFO  : Above_the_Hill_Developments_Ultimate_Package (2)/imagine_images/tGu5C.jpg: Copied (new)
2026/09/02 21:33:39 INFO  : Above_the_Hill_Developments_Ultimate_Package (2)/imagine_images/uQJt5.jpg: Copied (new)
2026/09/02 21:33:41 NOTICE:   112.609 MiB / 228.233 MiB, 49%, 118.349 KiB/s, ETA 16m40s (xfr#95/459)
2026/09/02 21:33:42 INFO  : Above_the_Hill_Developments_Ultimate_Package (2)/imagine_images/uaeld.jpg: Copied (new)
2026/09/02 21:33:44 INFO  : Above_the_Hill_Developments_Ultimate_Package (2)/imagine_images/uvrOR.jpg: Copied (new)
2026/09/02 21:33:46 INFO  : Above_the_Hill_Developments_Ultimate_Package (2)/imagine_images/omJ0N.jpg: Copied (new)
2026/09/02 21:33:47 INFO  : Above_the_Hill_Developments_Ultimate_Package (2)/imagine_images/wu0VE.jpg: Copied (new)
2026/09/02 21:33:48 INFO  : Above_the_Hill_Developments_Ultimate_Package (2)/imagine_images/rkIWX.jpg: Copied (new)
2026/09/02 21:33:49 INFO  : Above_the_Hill_Developments_Ultimate_Package (6)/imagine_images/3AAtC.jpg: Copied (new)
2026/09/02 21:33:51 INFO  : Above_the_Hill_Developments_Ultimate_Package (6)/imagine_images/7cW0n.jpg: Copied (new)
2026/09/02 21:33:54 INFO  : Above_the_Hill_Developments_Ultimate_Package (6)/imagine_images/8Ottm.jpg: Copied (new)
2026/09/02 21:33:55 INFO  : Above_the_Hill_Developments_Ultimate_Package (6)/imagine_images/5PQb5.jpg: Copied (new)
2026/09/02 21:33:57 INFO  : Above_the_Hill_Developments_Ultimate_Package (6)/imagine_images/9PHnd.jpg: Copied (new)
2026/09/02 21:34:11 NOTICE:   115.362 MiB / 228.906 MiB, 50%, 63.059 KiB/s, ETA 30m43s (xfr#105/459)
2026/09/02 21:34:38 INFO  : Above_the_Hill_Developments_Ultimate_Package (1) 2/imagine_images/04MLY.jpg: Copied (new)
2026/09/02 21:34:40 INFO  : Above_the_Hill_Developments_Ultimate_Package (6)/imagine_images/BkVl8.jpg: Copied (new)
2026/09/02 21:34:41 NOTICE:   116.917 MiB / 228.906 MiB, 51%, 91.668 KiB/s, ETA 20m50s (xfr#107/459)
2026/09/02 21:34:42 INFO  : Above_the_Hill_Developments_Ultimate_Package (6)/imagine_images/1dpRT.jpg: Copied (new)
2026/09/02 21:34:42 INFO  : Above_the_Hill_Developments_Ultimate_Package (6)/imagine_images/CRoCh.jpg: Copied (new)
2026/09/02 21:34:44 INFO  : Above_the_Hill_Developments_Ultimate_Package (1) 2/imagine_images/07zpX.jpg: Copied (new)
2026/09/02 21:34:44 INFO  : Above_the_Hill_Developments_Ultimate_Package (6)/imagine_images/DGkF6.jpg: Copied (new)
2026/09/02 21:34:46 INFO  : Above_the_Hill_Developments_Ultimate_Package (1) 2/imagine_images/0D1zp.jpg: Copied (new)
2026/09/02 21:34:47 INFO  : Above_the_Hill_Developments_Ultimate_Package (6)/imagine_images/DJNuz.jpg: Copied (new)
2026/09/02 21:34:48 INFO  : Above_the_Hill_Developments_Ultimate_Package (1) 2/imagine_images/1dpRT.jpg: Copied (new)
2026/09/02 21:34:49 INFO  : Above_the_Hill_Developments_Ultimate_Package (6)/imagine_images/Ennjz.jpg: Copied (new)
2026/09/02 21:34:50 INFO  : Above_the_Hill_Developments_Ultimate_Package (1) 2/imagine_images/3AAtC.jpg: Copied (new)
2026/09/02 21:34:51 INFO  : Above_the_Hill_Developments_Ultimate_Package (6)/imagine_images/HcFdj.jpg: Copied (new)
2026/09/02 21:34:52 INFO  : Above_the_Hill_Developments_Ultimate_Package (6)/imagine_images/9W9sh.jpg: Copied (new)
2026/09/02 21:34:52 INFO  : Above_the_Hill_Developments_Ultimate_Package (1) 2/imagine_images/5PQb5.jpg: Copied (new)
2026/09/02 21:34:53 INFO  : Above_the_Hill_Developments_Ultimate_Package (6)/imagine_images/Hs3zw.jpg: Copied (new)
2026/09/02 21:34:54 INFO  : Above_the_Hill_Developments_Ultimate_Package (1) 2/imagine_images/7cW0n.jpg: Copied (new)
2026/09/02 21:34:55 INFO  : Above_the_Hill_Developments_Ultimate_Package (6)/imagine_images/IFROR.jpg: Copied (new)
2026/09/02 21:34:57 INFO  : Above_the_Hill_Developments_Ultimate_Package (1) 2/imagine_images/9PHnd.jpg: Copied (new)
2026/09/02 21:34:57 INFO  : Above_the_Hill_Developments_Ultimate_Package (6)/imagine_images/JYQ6Z.jpg: Copied (new)
2026/09/02 21:34:57 INFO  : Above_the_Hill_Developments_Ultimate_Package (1) 2/imagine_images/8Ottm.jpg: Copied (new)
2026/09/02 21:35:11 NOTICE:   121.903 MiB / 229.633 MiB, 53%, 107.907 KiB/s, ETA 17m2s (xfr#125/459)
2026/09/02 21:35:32 INFO  : Above_the_Hill_Developments_Ultimate_Package (1) 2/imagine_images/9W9sh.jpg: Copied (new)
2026/09/02 21:35:41 NOTICE:   123.319 MiB / 230.030 MiB, 54%, 80.573 KiB/s, ETA 22m36s (xfr#126/459)
2026/09/02 21:35:42 INFO  : Above_the_Hill_Developments_Ultimate_Package (6)/imagine_images/LgBzY.jpg: Copied (new)
2026/09/02 21:35:44 INFO  : Above_the_Hill_Developments_Ultimate_Package (6)/imagine_images/M9be2.jpg: Copied (new)
2026/09/02 21:35:47 INFO  : Above_the_Hill_Developments_Ultimate_Package (1) 2/imagine_images/CRoCh.jpg: Copied (new)
2026/09/02 21:35:49 INFO  : Above_the_Hill_Developments_Ultimate_Package (1) 2/imagine_images/DGkF6.jpg: Copied (new)
2026/09/02 21:35:51 INFO  : Above_the_Hill_Developments_Ultimate_Package (1) 2/imagine_images/BkVl8.jpg: Copied (new)
2026/09/02 21:35:54 INFO  : Above_the_Hill_Developments_Ultimate_Package (1) 2/imagine_images/DJNuz.jpg: Copied (new)
2026/09/02 21:35:55 INFO  : Above_the_Hill_Developments_Ultimate_Package (6)/imagine_images/JumTz.jpg: Copied (new)
2026/09/02 21:35:58 INFO  : Above_the_Hill_Developments_Ultimate_Package (1) 2/imagine_images/Hs3zw.jpg: Copied (new)
2026/09/02 21:36:11 NOTICE:   126.104 MiB / 231.195 MiB, 55%, 64.014 KiB/s, ETA 28m1s (xfr#134/459)
2026/09/02 21:36:37 INFO  : Above_the_Hill_Developments_Ultimate_Package (1) 2/imagine_images/IFROR.jpg: Copied (new)
2026/09/02 21:36:41 NOTICE:   126.689 MiB / 231.195 MiB, 55%, 35.572 KiB/s, ETA 50m8s (xfr#135/459)
2026/09/02 21:36:47 INFO  : Above_the_Hill_Developments_Ultimate_Package (1) 2/imagine_images/HcFdj.jpg: Copied (new)
2026/09/02 21:36:50 INFO  : Above_the_Hill_Developments_Ultimate_Package (1) 2/imagine_images/JumTz.jpg: Copied (new)
2026/09/02 21:36:52 INFO  : Above_the_Hill_Developments_Ultimate_Package (1) 2/imagine_images/LgBzY.jpg: Copied (new)
2026/09/02 21:36:55 INFO  : Above_the_Hill_Developments_Ultimate_Package (1) 2/imagine_images/M9be2.jpg: Copied (new)
2026/09/02 21:36:57 INFO  : Above_the_Hill_Developments_Ultimate_Package (1) 2/imagine_images/Myflu.jpg: Copied (new)
2026/09/02 21:37:11 NOTICE:   129.330 MiB / 232.383 MiB, 56%, 68.519 KiB/s, ETA 25m40s (xfr#140/459)
2026/09/02 21:37:28 INFO  : Above_the_Hill_Developments_Ultimate_Package (1) 2/imagine_images/Ni21r.jpg: Copied (new)
2026/09/02 21:37:30 INFO  : Above_the_Hill_Developments_Ultimate_Package (1) 2/imagine_images/PJc51.jpg: Copied (new)
2026/09/02 21:37:32 INFO  : Above_the_Hill_Developments_Ultimate_Package (1) 2/imagine_images/QLU4k.jpg: Copied (new)
2026/09/02 21:37:34 INFO  : Above_the_Hill_Developments_Ultimate_Package (1) 2/imagine_images/R6lde.jpg: Copied (new)
2026/09/02 21:37:36 INFO  : Above_the_Hill_Developments_Ultimate_Package (1) 2/imagine_images/RchFV.jpg: Copied (new)
2026/09/02 21:37:38 INFO  : Above_the_Hill_Developments_Ultimate_Package (1) 2/imagine_images/SHH0k.jpg: Copied (new)
2026/09/02 21:37:40 INFO  : Above_the_Hill_Developments_Ultimate_Package (1) 2/imagine_images/JYQ6Z.jpg: Copied (new)
2026/09/02 21:37:41 INFO  : Above_the_Hill_Developments_Ultimate_Package (1) 2/imagine_images/SpImH.jpg: Copied (new)
2026/09/02 21:37:41 NOTICE:   132.214 MiB / 232.675 MiB, 57%, 127.771 KiB/s, ETA 13m25s (xfr#148/459)
2026/09/02 21:37:43 INFO  : Above_the_Hill_Developments_Ultimate_Package (1) 2/imagine_images/XbOZZ.jpg: Copied (new)
2026/09/02 21:37:44 INFO  : Above_the_Hill_Developments_Ultimate_Package (1) 2/imagine_images/TvZOf.jpg: Copied (new)
2026/09/02 21:37:45 INFO  : Above_the_Hill_Developments_Ultimate_Package (1) 2/imagine_images/XtIag.jpg: Copied (new)
2026/09/02 21:37:46 INFO  : Above_the_Hill_Developments_Ultimate_Package (1) 2/imagine_images/aqbMW.jpg: Copied (new)
2026/09/02 21:37:47 INFO  : Above_the_Hill_Developments_Ultimate_Package (1) 2/imagine_images/cfJqY.jpg: Copied (new)
2026/09/02 21:37:48 INFO  : Above_the_Hill_Developments_Ultimate_Package (1) 2/imagine_images/e3sC2.jpg: Copied (new)
2026/09/02 21:37:50 INFO  : Above_the_Hill_Developments_Ultimate_Package (1) 2/imagine_images/eIPw7.jpg: Copied (new)
2026/09/02 21:37:51 INFO  : Above_the_Hill_Developments_Ultimate_Package (1) 2/imagine_images/eNHFV.jpg: Copied (new)
2026/09/02 21:37:52 INFO  : Above_the_Hill_Developments_Ultimate_Package (1) 2/imagine_images/g73xf.jpg: Copied (new)
2026/09/02 21:37:53 INFO  : Above_the_Hill_Developments_Ultimate_Package (1) 2/imagine_images/g9fCQ.jpg: Copied (new)
2026/09/02 21:37:54 INFO  : Above_the_Hill_Developments_Ultimate_Package (1) 2/imagine_images/gDetL.jpg: Copied (new)
2026/09/02 21:37:55 INFO  : Above_the_Hill_Developments_Ultimate_Package (1) 2/imagine_images/gFkSs.jpg: Copied (new)
2026/09/02 21:37:57 INFO  : Above_the_Hill_Developments_Ultimate_Package (1) 2/imagine_images/ha7dT.jpg: Copied (new)
2026/09/02 21:37:58 INFO  : Above_the_Hill_Developments_Ultimate_Package (1) 2/imagine_images/idr4M.jpg: Copied (new)
2026/09/02 21:37:59 INFO  : Above_the_Hill_Developments_Ultimate_Package (1) 2/imagine_images/jjyMA.jpg: Copied (new)
2026/09/02 21:38:11 NOTICE:   136.753 MiB / 233.272 MiB, 59%, 102.778 KiB/s, ETA 16m1s (xfr#163/459)
2026/09/02 21:38:26 INFO  : Above_the_Hill_Developments_Ultimate_Package (1) 2/imagine_images/jliFQ.jpg: Copied (new)
2026/09/02 21:38:28 INFO  : Above_the_Hill_Developments_Ultimate_Package (1) 2/imagine_images/kEoXV.jpg: Copied (new)
2026/09/02 21:38:30 INFO  : Above_the_Hill_Developments_Ultimate_Package (4)/imagine_images/04MLY.jpg: Copied (new)
2026/09/02 21:38:32 INFO  : Above_the_Hill_Developments_Ultimate_Package (6)/imagine_images/Myflu.jpg: Copied (new)
2026/09/02 21:38:34 INFO  : Above_the_Hill_Developments_Ultimate_Package (6)/imagine_images/Ni21r.jpg: Copied (new)
2026/09/02 21:38:36 INFO  : Above_the_Hill_Developments_Ultimate_Package (1) 2/imagine_images/l1o5b.jpg: Copied (new)
2026/09/02 21:38:37 INFO  : Above_the_Hill_Developments_Ultimate_Package (1) 2/imagine_images/Ennjz.jpg: Copied (new)
2026/09/02 21:38:40 INFO  : Above_the_Hill_Developments_Ultimate_Package (6)/imagine_images/PJc51.jpg: Copied (new)
2026/09/02 21:38:41 INFO  : Above_the_Hill_Developments_Ultimate_Package (4)/imagine_images/07zpX.jpg: Copied (new)
2026/09/02 21:38:41 NOTICE:   140.378 MiB / 233.272 MiB, 60%, 141.787 KiB/s, ETA 11m10s (xfr#172/459)
2026/09/02 21:38:42 INFO  : Above_the_Hill_Developments_Ultimate_Package (6)/imagine_images/QLU4k.jpg: Copied (new)
2026/09/02 21:38:44 INFO  : Above_the_Hill_Developments_Ultimate_Package (6)/imagine_images/R6lde.jpg: Copied (new)
2026/09/02 21:38:45 INFO  : Above_the_Hill_Developments_Ultimate_Package (1) 2/imagine_images/oEllA.jpg: Copied (new)
2026/09/02 21:38:47 INFO  : Above_the_Hill_Developments_Ultimate_Package (6)/imagine_images/RchFV.jpg: Copied (new)
2026/09/02 21:38:49 INFO  : Above_the_Hill_Developments_Ultimate_Package (1) 2/imagine_images/omJ0N.jpg: Copied (new)
2026/09/02 21:38:51 INFO  : Above_the_Hill_Developments_Ultimate_Package (6)/imagine_images/SHH0k.jpg: Copied (new)
2026/09/02 21:38:51 INFO  : Above_the_Hill_Developments_Ultimate_Package (1) 2/imagine_images/n73KI.jpg: Copied (new)
2026/09/02 21:38:51 INFO  : Above_the_Hill_Developments_Ultimate_Package (1) 2/imagine_images/lvH3s.jpg: Copied (new)
2026/09/02 21:38:52 INFO  : Above_the_Hill_Developments_Ultimate_Package (1) 2/imagine_images/pHIcS.jpg: Copied (new)
2026/09/02 21:38:54 INFO  : Above_the_Hill_Developments_Ultimate_Package (6)/imagine_images/TvZOf.jpg: Copied (new)
2026/09/02 21:38:56 INFO  : Above_the_Hill_Developments_Ultimate_Package (1) 2/imagine_images/tGu5C.jpg: Copied (new)
2026/09/02 21:38:58 INFO  : Above_the_Hill_Developments_Ultimate_Package (6)/imagine_images/XbOZZ.jpg: Copied (new)
2026/09/02 21:38:59 INFO  : Above_the_Hill_Developments_Ultimate_Package (1) 2/imagine_images/uQJt5.jpg: Copied (new)
2026/09/02 21:39:11 NOTICE:   145.308 MiB / 235.031 MiB, 62%, 143.869 KiB/s, ETA 10m38s (xfr#185/459)
2026/09/02 21:39:41 NOTICE:   145.757 MiB / 235.364 MiB, 62%, 45.990 KiB/s, ETA 33m15s (xfr#185/459)
2026/09/02 21:39:56 INFO  : Above_the_Hill_Developments_Ultimate_Package (6)/imagine_images/SpImH.jpg: Copied (new)
2026/09/02 21:39:58 INFO  : Above_the_Hill_Developments_Ultimate_Package (1) 2/imagine_images/uaeld.jpg: Copied (new)
2026/09/02 21:40:00 INFO  : Above_the_Hill_Developments_Ultimate_Package (6)/imagine_images/XtIag.jpg: Copied (new)
2026/09/02 21:40:00 INFO  : Above_the_Hill_Developments_Ultimate_Package (6)/imagine_images/aqbMW.jpg: Copied (new)
2026/09/02 21:40:11 NOTICE:   147.281 MiB / 236.174 MiB, 62%, 48.215 KiB/s, ETA 31m27s (xfr#189/459)
2026/09/02 21:40:41 NOTICE:   147.641 MiB / 236.174 MiB, 63%, 19.845 KiB/s, ETA 1h16m8s (xfr#189/459)
2026/09/02 21:40:44 INFO  : Above_the_Hill_Developments_Ultimate_Package (6)/imagine_images/cfJqY.jpg: Copied (new)
2026/09/02 21:40:49 INFO  : Above_the_Hill_Developments_Ultimate_Package (1) 2/imagine_images/rkIWX.jpg: Copied (new)
2026/09/02 21:40:51 INFO  : Above_the_Hill_Developments_Ultimate_Package (6)/imagine_images/e3sC2.jpg: Copied (new)
2026/09/02 21:40:53 INFO  : Above_the_Hill_Developments_Ultimate_Package (1) 2/imagine_images/uvrOR.jpg: Copied (new)
2026/09/02 21:40:53 INFO  : Above_the_Hill_Developments_Ultimate_Package (6)/imagine_images/eIPw7.jpg: Copied (new)
2026/09/02 21:40:55 INFO  : Above_the_Hill_Developments_Ultimate_Package (6)/imagine_images/g73xf.jpg: Copied (new)
2026/09/02 21:40:56 INFO  : Above_the_Hill_Developments_Ultimate_Package (1) 2/imagine_images/wu0VE.jpg: Copied (new)
2026/09/02 21:40:56 INFO  : Above_the_Hill_Developments_Ultimate_Package (6)/imagine_images/g9fCQ.jpg: Copied (new)
2026/09/02 21:40:58 INFO  : Above_the_Hill_Developments_Ultimate_Package (6)/imagine_images/gFkSs.jpg: Copied (new)
2026/09/02 21:41:11 NOTICE:   151.624 MiB / 237.118 MiB, 64%, 87.557 KiB/s, ETA 16m39s (xfr#198/459)
2026/09/02 21:41:41 NOTICE:   151.946 MiB / 237.505 MiB, 64%, 24.162 KiB/s, ETA 1h25s (xfr#198/459)
2026/09/02 21:41:47 INFO  : Above_the_Hill_Developments_Ultimate_Package (6)/imagine_images/eNHFV.jpg: Copied (new)
2026/09/02 21:41:50 INFO  : Above_the_Hill_Developments_Ultimate_Package (6)/imagine_images/gDetL.jpg: Copied (new)
2026/09/02 21:41:50 INFO  : Above_the_Hill_Developments_Ultimate_Package (6)/imagine_images/ha7dT.jpg: Copied (new)
2026/09/02 21:41:50 INFO  : Above_the_Hill_Developments_Ultimate_Package (6)/imagine_images/idr4M.jpg: Copied (new)
2026/09/02 21:41:52 INFO  : Above_the_Hill_Developments_Ultimate_Package (6)/imagine_images/jjyMA.jpg: Copied (new)
2026/09/02 21:41:52 INFO  : Above_the_Hill_Developments_Ultimate_Package (6)/imagine_images/jliFQ.jpg: Copied (new)
2026/09/02 21:41:52 INFO  : Above_the_Hill_Developments_Ultimate_Package (6)/imagine_images/kEoXV.jpg: Copied (new)
2026/09/02 21:41:54 INFO  : Above_the_Hill_Developments_Ultimate_Package (6)/imagine_images/l1o5b.jpg: Copied (new)
2026/09/02 21:41:54 INFO  : Above_the_Hill_Developments_Ultimate_Package (6)/imagine_images/n73KI.jpg: Copied (new)
2026/09/02 21:41:55 INFO  : Above_the_Hill_Developments_Ultimate_Package (6)/imagine_images/lvH3s.jpg: Copied (new)
2026/09/02 21:41:56 INFO  : Above_the_Hill_Developments_Ultimate_Package (6)/imagine_images/oEllA.jpg: Copied (new)
2026/09/02 21:41:57 INFO  : Above_the_Hill_Developments_Ultimate_Package (6)/imagine_images/omJ0N.jpg: Copied (new)
2026/09/02 21:41:57 INFO  : Above_the_Hill_Developments_Ultimate_Package (6)/imagine_images/pHIcS.jpg: Copied (new)
2026/09/02 21:41:57 INFO  : Above_the_Hill_Developments_Ultimate_Package (6)/imagine_images/rkIWX.jpg: Copied (new)
2026/09/02 21:41:59 INFO  : Above_the_Hill_Developments_Ultimate_Package (6)/imagine_images/uQJt5.jpg: Copied (new)
2026/09/02 21:41:59 INFO  : Above_the_Hill_Developments_Ultimate_Package (6)/imagine_images/tGu5C.jpg: Copied (new)
2026/09/02 21:41:59 INFO  : Above_the_Hill_Developments_Ultimate_Package (6)/imagine_images/uaeld.jpg: Copied (new)
2026/09/02 21:42:11 NOTICE:   157.396 MiB / 237.866 MiB, 66%, 125.258 KiB/s, ETA 10m57s (xfr#215/459)
2026/09/02 21:42:32 INFO  : Above_the_Hill_Developments_Ultimate_Package (6)/imagine_images/wu0VE.jpg: Copied (new)
2026/09/02 21:42:34 INFO  : Above_the_Hill_Developments_Ultimate_Package (4)/imagine_images/1dpRT.jpg: Copied (new)
2026/09/02 21:42:34 INFO  : Above_the_Hill_Developments_Ultimate_Package (6)/imagine_images/uvrOR.jpg: Copied (new)
2026/09/02 21:42:34 INFO  : Above_the_Hill_Developments_Ultimate_Package (4)/imagine_images/0D1zp.jpg: Copied (new)
2026/09/02 21:42:36 INFO  : Above_the_Hill_Developments_Ultimate_Package (4)/imagine_images/7cW0n.jpg: Copied (new)
2026/09/02 21:42:36 INFO  : Above_the_Hill_Developments_Ultimate_Package (4)/imagine_images/3AAtC.jpg: Copied (new)
2026/09/02 21:42:37 INFO  : Above_the_Hill_Developments_Ultimate_Package (4)/imagine_images/5PQb5.jpg: Copied (new)
2026/09/02 21:42:37 INFO  : Above_the_Hill_Developments_Ultimate_Package (4)/imagine_images/8Ottm.jpg: Copied (new)
2026/09/02 21:42:38 INFO  : Above_the_Hill_Developments_Ultimate_Package (4)/imagine_images/9PHnd.jpg: Copied (new)
2026/09/02 21:42:38 INFO  : Above_the_Hill_Developments_Ultimate_Package (4)/imagine_images/9W9sh.jpg: Copied (new)
2026/09/02 21:42:39 INFO  : Above_the_Hill_Developments_Ultimate_Package (4)/imagine_images/BkVl8.jpg: Copied (new)
2026/09/02 21:42:40 INFO  : Above_the_Hill_Developments_Ultimate_Package (4)/imagine_images/CRoCh.jpg: Copied (new)
2026/09/02 21:42:40 INFO  : Above_the_Hill_Developments_Ultimate_Package (4)/imagine_images/DGkF6.jpg: Copied (new)
2026/09/02 21:42:41 INFO  : Above_the_Hill_Developments_Ultimate_Package (4)/imagine_images/DJNuz.jpg: Copied (new)
2026/09/02 21:42:41 NOTICE:   162.942 MiB / 238.409 MiB, 68%, 267.444 KiB/s, ETA 4m48s (xfr#229/459)
2026/09/02 21:42:41 INFO  : Above_the_Hill_Developments_Ultimate_Package (4)/imagine_images/Ennjz.jpg: Copied (new)
2026/09/02 21:42:42 INFO  : Above_the_Hill_Developments_Ultimate_Package (4)/imagine_images/HcFdj.jpg: Copied (new)
2026/09/02 21:42:42 INFO  : Above_the_Hill_Developments_Ultimate_Package (4)/imagine_images/Hs3zw.jpg: Copied (new)
2026/09/02 21:42:43 INFO  : Above_the_Hill_Developments_Ultimate_Package (4)/imagine_images/IFROR.jpg: Copied (new)
2026/09/02 21:42:44 INFO  : Above_the_Hill_Developments_Ultimate_Package (4)/imagine_images/JYQ6Z.jpg: Copied (new)
2026/09/02 21:42:44 INFO  : Above_the_Hill_Developments_Ultimate_Package (4)/imagine_images/JumTz.jpg: Copied (new)
2026/09/02 21:42:45 INFO  : Above_the_Hill_Developments_Ultimate_Package (4)/imagine_images/LgBzY.jpg: Copied (new)
2026/09/02 21:42:46 INFO  : Above_the_Hill_Developments_Ultimate_Package (4)/imagine_images/Myflu.jpg: Copied (new)
2026/09/02 21:42:46 INFO  : Above_the_Hill_Developments_Ultimate_Package (4)/imagine_images/M9be2.jpg: Copied (new)
2026/09/02 21:42:47 INFO  : Above_the_Hill_Developments_Ultimate_Package (4)/imagine_images/Ni21r.jpg: Copied (new)
2026/09/02 21:42:47 INFO  : Above_the_Hill_Developments_Ultimate_Package (4)/imagine_images/PJc51.jpg: Copied (new)
2026/09/02 21:42:48 INFO  : Above_the_Hill_Developments_Ultimate_Package (4)/imagine_images/QLU4k.jpg: Copied (new)
2026/09/02 21:42:49 INFO  : Above_the_Hill_Developments_Ultimate_Package (4)/imagine_images/R6lde.jpg: Copied (new)
2026/09/02 21:42:49 INFO  : Above_the_Hill_Developments_Ultimate_Package (4)/imagine_images/RchFV.jpg: Copied (new)
2026/09/02 21:42:49 INFO  : Above_the_Hill_Developments_Ultimate_Package (4)/imagine_images/SHH0k.jpg: Copied (new)
2026/09/02 21:42:50 INFO  : Above_the_Hill_Developments_Ultimate_Package (4)/imagine_images/TvZOf.jpg: Copied (new)
2026/09/02 21:42:51 INFO  : Above_the_Hill_Developments_Ultimate_Package (4)/imagine_images/SpImH.jpg: Copied (new)
2026/09/02 21:42:52 INFO  : Above_the_Hill_Developments_Ultimate_Package (1) 2/videos/Gated_Bridge_Cinematic.mp4: Copied (new)
2026/09/02 21:42:52 INFO  : Above_the_Hill_Developments_Ultimate_Package (1) 2/videos/Trading_Tower_Walkthrough.mp4: Copied (new)
2026/09/02 21:42:52 INFO  : Above_the_Hill_Developments_Ultimate_Package (4)/imagine_images/XbOZZ.jpg: Copied (new)
2026/09/02 21:42:53 INFO  : Above_the_Hill_Developments_Ultimate_Package (4)/imagine_images/aqbMW.jpg: Copied (new)
2026/09/02 21:42:54 INFO  : Above_the_Hill_Developments_Ultimate_Package (4)/imagine_images/XtIag.jpg: Copied (new)
2026/09/02 21:42:54 INFO  : Above_the_Hill_Developments_Ultimate_Package (4)/imagine_images/cfJqY.jpg: Copied (new)
2026/09/02 21:42:56 INFO  : Above_the_Hill_Developments_Ultimate_Package (4)/imagine_images/eNHFV.jpg: Copied (new)
2026/09/02 21:42:56 INFO  : Above_the_Hill_Developments_Ultimate_Package (4)/imagine_images/e3sC2.jpg: Copied (new)
2026/09/02 21:42:56 INFO  : Above_the_Hill_Developments_Ultimate_Package (4)/imagine_images/eIPw7.jpg: Copied (new)
2026/09/02 21:42:58 INFO  : Above_the_Hill_Developments_Ultimate_Package (4)/imagine_images/g73xf.jpg: Copied (new)
2026/09/02 21:42:58 INFO  : Above_the_Hill_Developments_Ultimate_Package (4)/imagine_images/gDetL.jpg: Copied (new)
2026/09/02 21:42:58 INFO  : Above_the_Hill_Developments_Ultimate_Package (4)/imagine_images/g9fCQ.jpg: Copied (new)
2026/09/02 21:42:59 INFO  : Above_the_Hill_Developments_Ultimate_Package (4)/imagine_images/ha7dT.jpg: Copied (new)
2026/09/02 21:42:59 INFO  : Above_the_Hill_Developments_Ultimate_Package (4)/imagine_images/gFkSs.jpg: Copied (new)
2026/09/02 21:43:00 INFO  : Above_the_Hill_Developments_Ultimate_Package (4)/imagine_images/idr4M.jpg: Copied (new)
2026/09/02 21:43:11 NOTICE:   174.486 MiB / 239.668 MiB, 73%, 287.957 KiB/s, ETA 3m51s (xfr#261/459)
2026/09/02 21:43:25 INFO  : Above_the_Hill_Developments_Ultimate_Package (4)/imagine_images/jjyMA.jpg: Copied (new)
2026/09/02 21:43:27 INFO  : Above_the_Hill_Developments_Ultimate_Package (4)/imagine_images/l1o5b.jpg: Copied (new)
2026/09/02 21:43:27 INFO  : Above_the_Hill_Developments_Ultimate_Package (4)/imagine_images/jliFQ.jpg: Copied (new)
2026/09/02 21:43:28 INFO  : Above_the_Hill_Developments_Ultimate_Package (4)/imagine_images/kEoXV.jpg: Copied (new)
2026/09/02 21:43:29 INFO  : Above_the_Hill_Developments_Ultimate_Package (4)/imagine_images/lvH3s.jpg: Copied (new)
2026/09/02 21:43:30 INFO  : Above_the_Hill_Developments_Ultimate_Package (4)/imagine_images/oEllA.jpg: Copied (new)
2026/09/02 21:43:30 INFO  : Above_the_Hill_Developments_Ultimate_Package (4)/imagine_images/n73KI.jpg: Copied (new)
2026/09/02 21:43:31 INFO  : Above_the_Hill_Developments_Ultimate_Package (4)/imagine_images/omJ0N.jpg: Copied (new)
2026/09/02 21:43:32 INFO  : Above_the_Hill_Developments_Ultimate_Package (4)/imagine_images/pHIcS.jpg: Copied (new)
2026/09/02 21:43:32 INFO  : Above_the_Hill_Developments_Ultimate_Package (4)/imagine_images/rkIWX.jpg: Copied (new)
2026/09/02 21:43:32 INFO  : Above_the_Hill_Developments_Ultimate_Package (4)/imagine_images/tGu5C.jpg: Copied (new)
2026/09/02 21:43:33 INFO  : Above_the_Hill_Developments_Ultimate_Package (4)/imagine_images/uQJt5.jpg: Copied (new)
2026/09/02 21:43:34 INFO  : Above_the_Hill_Developments_Ultimate_Package (4)/imagine_images/uaeld.jpg: Copied (new)
2026/09/02 21:43:34 INFO  : Above_the_Hill_Developments_Ultimate_Package (4)/imagine_images/uvrOR.jpg: Copied (new)
2026/09/02 21:43:35 INFO  : Above_the_Hill_Developments_Ultimate_Package (4)/imagine_images/wu0VE.jpg: Copied (new)
2026/09/02 21:43:37 INFO  : Above_the_Hill_Developments_Ultimate_Package (1)/imagine_images/04MLY.jpg: Copied (new)
2026/09/02 21:43:38 INFO  : Above_the_Hill_Developments_Ultimate_Package (1)/videos/Gated_Bridge_Cinematic.mp4: Copied (new)
2026/09/02 21:43:38 INFO  : Above_the_Hill_Developments_Ultimate_Package (1)/imagine_images/07zpX.jpg: Copied (new)
2026/09/02 21:43:38 INFO  : Above_the_Hill_Developments_Ultimate_Package (1)/videos/Trading_Tower_Walkthrough.mp4: Copied (new)
2026/09/02 21:43:40 INFO  : Above_the_Hill_Developments_Ultimate_Package (1)/imagine_images/1dpRT.jpg: Copied (new)
2026/09/02 21:43:40 INFO  : Above_the_Hill_Developments_Ultimate_Package (1)/imagine_images/3AAtC.jpg: Copied (new)
2026/09/02 21:43:40 INFO  : Above_the_Hill_Developments_Ultimate_Package (1)/imagine_images/0D1zp.jpg: Copied (new)
2026/09/02 21:43:41 NOTICE:   185.542 MiB / 241.069 MiB, 77%, 482.873 KiB/s, ETA 1m57s (xfr#283/459)
2026/09/02 21:43:42 INFO  : Above_the_Hill_Developments_Ultimate_Package (1)/imagine_images/5PQb5.jpg: Copied (new)
2026/09/02 21:43:42 INFO  : Above_the_Hill_Developments_Ultimate_Package (1)/imagine_images/7cW0n.jpg: Copied (new)
2026/09/02 21:43:42 INFO  : Above_the_Hill_Developments_Ultimate_Package (1)/imagine_images/8Ottm.jpg: Copied (new)
2026/09/02 21:43:44 INFO  : Above_the_Hill_Developments_Ultimate_Package (1)/imagine_images/9W9sh.jpg: Copied (new)
2026/09/02 21:43:44 INFO  : Above_the_Hill_Developments_Ultimate_Package (1)/imagine_images/9PHnd.jpg: Copied (new)
2026/09/02 21:43:44 INFO  : Above_the_Hill_Developments_Ultimate_Package (1)/imagine_images/BkVl8.jpg: Copied (new)
2026/09/02 21:43:45 INFO  : Above_the_Hill_Developments_Ultimate_Package (1)/imagine_images/DGkF6.jpg: Copied (new)
2026/09/02 21:43:46 INFO  : Above_the_Hill_Developments_Ultimate_Package (1)/imagine_images/CRoCh.jpg: Copied (new)
2026/09/02 21:43:46 INFO  : Above_the_Hill_Developments_Ultimate_Package (1)/imagine_images/DJNuz.jpg: Copied (new)
2026/09/02 21:43:47 INFO  : Above_the_Hill_Developments_Ultimate_Package (1)/imagine_images/Ennjz.jpg: Copied (new)
2026/09/02 21:43:48 INFO  : Above_the_Hill_Developments_Ultimate_Package (1)/imagine_images/Hs3zw.jpg: Copied (new)
2026/09/02 21:43:48 INFO  : Above_the_Hill_Developments_Ultimate_Package (1)/imagine_images/HcFdj.jpg: Copied (new)
2026/09/02 21:43:49 INFO  : Above_the_Hill_Developments_Ultimate_Package (1)/imagine_images/IFROR.jpg: Copied (new)
2026/09/02 21:43:50 INFO  : Above_the_Hill_Developments_Ultimate_Package (1)/imagine_images/JYQ6Z.jpg: Copied (new)
2026/09/02 21:43:51 INFO  : Above_the_Hill_Developments_Ultimate_Package (1)/imagine_images/JumTz.jpg: Copied (new)
2026/09/02 21:43:51 INFO  : Above_the_Hill_Developments_Ultimate_Package (2) 2/imagine_images/04MLY.jpg: Copied (new)
2026/09/02 21:43:52 INFO  : Above_the_Hill_Developments_Ultimate_Package (1)/imagine_images/LgBzY.jpg: Copied (new)
2026/09/02 21:43:52 INFO  : Above_the_Hill_Developments_Ultimate_Package (2) 2/imagine_images/07zpX.jpg: Copied (new)
2026/09/02 21:43:52 INFO  : Above_the_Hill_Developments_Ultimate_Package (2) 2/imagine_images/0D1zp.jpg: Copied (new)
2026/09/02 21:43:54 INFO  : Above_the_Hill_Developments_Ultimate_Package (1)/imagine_images/M9be2.jpg: Copied (new)
2026/09/02 21:43:54 INFO  : Above_the_Hill_Developments_Ultimate_Package (1)/imagine_images/Myflu.jpg: Copied (new)
2026/09/02 21:43:55 INFO  : Above_the_Hill_Developments_Ultimate_Package (2) 2/imagine_images/1dpRT.jpg: Copied (new)
2026/09/02 21:43:56 INFO  : Above_the_Hill_Developments_Ultimate_Package (1)/imagine_images/PJc51.jpg: Copied (new)
2026/09/02 21:43:56 INFO  : Above_the_Hill_Developments_Ultimate_Package (1)/imagine_images/Ni21r.jpg: Copied (new)
2026/09/02 21:43:57 INFO  : Above_the_Hill_Developments_Ultimate_Package (2) 2/imagine_images/3AAtC.jpg: Copied (new)
2026/09/02 21:43:58 INFO  : Above_the_Hill_Developments_Ultimate_Package (1)/imagine_images/QLU4k.jpg: Copied (new)
2026/09/02 21:43:59 INFO  : Above_the_Hill_Developments_Ultimate_Package (2) 2/imagine_images/7cW0n.jpg: Copied (new)
2026/09/02 21:43:59 INFO  : Above_the_Hill_Developments_Ultimate_Package (2) 2/imagine_images/8Ottm.jpg: Copied (new)
2026/09/02 21:44:00 INFO  : Above_the_Hill_Developments_Ultimate_Package (2) 2/imagine_images/5PQb5.jpg: Copied (new)
2026/09/02 21:44:11 NOTICE:   195.319 MiB / 243.269 MiB, 80%, 284.974 KiB/s, ETA 2m52s (xfr#312/459)
2026/09/02 21:44:41 NOTICE:   196.944 MiB / 244.497 MiB, 81%, 71.611 KiB/s, ETA 11m19s (xfr#312/459)
2026/09/02 21:44:48 INFO  : Above_the_Hill_Developments_Ultimate_Package (2) 2/imagine_images/BkVl8.jpg: Copied (new)
2026/09/02 21:44:49 INFO  : Above_the_Hill_Developments_Ultimate_Package (2) 2/imagine_images/9W9sh.jpg: Copied (new)
2026/09/02 21:44:52 INFO  : Above_the_Hill_Developments_Ultimate_Package (2) 2/imagine_images/DGkF6.jpg: Copied (new)
2026/09/02 21:44:54 INFO  : Above_the_Hill_Developments_Ultimate_Package (2) 2/imagine_images/DJNuz.jpg: Copied (new)
2026/09/02 21:44:54 INFO  : Above_the_Hill_Developments_Ultimate_Package (2) 2/imagine_images/CRoCh.jpg: Copied (new)
2026/09/02 21:44:56 INFO  : Above_the_Hill_Developments_Ultimate_Package (2) 2/imagine_images/Ennjz.jpg: Copied (new)
2026/09/02 21:44:58 INFO  : Above_the_Hill_Developments_Ultimate_Package (2) 2/imagine_images/Hs3zw.jpg: Copied (new)
2026/09/02 21:45:00 INFO  : Above_the_Hill_Developments_Ultimate_Package (2) 2/imagine_images/IFROR.jpg: Copied (new)
2026/09/02 21:45:01 INFO  : Above_the_Hill_Developments_Ultimate_Package (2) 2/imagine_images/HcFdj.jpg: Copied (new)
2026/09/02 21:45:11 NOTICE:   199.969 MiB / 245.062 MiB, 82%, 91.346 KiB/s, ETA 8m25s (xfr#321/459)
2026/09/02 21:45:41 NOTICE:   199.969 MiB / 245.408 MiB, 81%, 13.177 KiB/s, ETA 58m50s (xfr#321/459)
2026/09/02 21:46:11 NOTICE:   200.216 MiB / 245.654 MiB, 82%, 7.886 KiB/s, ETA 1h38m19s (xfr#321/459)
2026/09/02 21:46:41 NOTICE:   200.561 MiB / 245.654 MiB, 82%, 12.736 KiB/s, ETA 1h25s (xfr#321/459)
2026/09/02 21:46:48 INFO  : Above_the_Hill_Developments_Ultimate_Package (2) 2/imagine_images/JYQ6Z.jpg: Copied (new)
2026/09/02 21:46:48 INFO  : Above_the_Hill_Developments_Ultimate_Package (2) 2/imagine_images/9PHnd.jpg: Copied (new)
2026/09/02 21:46:49 INFO  : Above_the_Hill_Developments_Ultimate_Package (2) 2/imagine_images/LgBzY.jpg: Copied (new)
2026/09/02 21:46:50 INFO  : Above_the_Hill_Developments_Ultimate_Package (2) 2/imagine_images/M9be2.jpg: Copied (new)
2026/09/02 21:46:51 INFO  : Above_the_Hill_Developments_Ultimate_Package (2) 2/imagine_images/Myflu.jpg: Copied (new)
2026/09/02 21:46:51 INFO  : Above_the_Hill_Developments_Ultimate_Package (2) 2/imagine_images/Ni21r.jpg: Copied (new)
2026/09/02 21:46:53 INFO  : Above_the_Hill_Developments_Ultimate_Package (2) 2/imagine_images/QLU4k.jpg: Copied (new)
2026/09/02 21:47:01 INFO  : Above_the_Hill_Developments_Ultimate_Package (2) 2/imagine_images/PJc51.jpg: Copied (new)
2026/09/02 21:47:11 NOTICE:   203.757 MiB / 246.242 MiB, 83%, 63.135 KiB/s, ETA 11m29s (xfr#329/459)
2026/09/02 21:47:11 INFO  : Above_the_Hill_Developments_Ultimate_Package (2) 2/imagine_images/R6lde.jpg: Copied (new)
2026/09/02 21:47:34 INFO  : Above_the_Hill_Developments_Ultimate_Package (2) 2/imagine_images/SHH0k.jpg: Copied (new)
2026/09/02 21:47:38 INFO  : Above_the_Hill_Developments_Ultimate_Package (2) 2/imagine_images/SpImH.jpg: Copied (new)
2026/09/02 21:47:41 NOTICE:   204.307 MiB / 246.588 MiB, 83%, 29.223 KiB/s, ETA 24m41s (xfr#332/459)
2026/09/02 21:47:44 INFO  : Above_the_Hill_Developments_Ultimate_Package (2) 2/imagine_images/JumTz.jpg: Copied (new)
2026/09/02 21:47:45 INFO  : Above_the_Hill_Developments_Ultimate_Package (2) 2/imagine_images/RchFV.jpg: Copied (new)
2026/09/02 21:47:45 INFO  : Above_the_Hill_Developments_Ultimate_Package (2) 2/imagine_images/TvZOf.jpg: Copied (new)
2026/09/02 21:47:46 INFO  : Above_the_Hill_Developments_Ultimate_Package (2) 2/imagine_images/XbOZZ.jpg: Copied (new)
2026/09/02 21:47:47 INFO  : Above_the_Hill_Developments_Ultimate_Package (2) 2/imagine_images/XtIag.jpg: Copied (new)
2026/09/02 21:47:47 INFO  : Above_the_Hill_Developments_Ultimate_Package (2) 2/imagine_images/aqbMW.jpg: Copied (new)
2026/09/02 21:47:48 INFO  : Above_the_Hill_Developments_Ultimate_Package (2) 2/imagine_images/cfJqY.jpg: Copied (new)
2026/09/02 21:47:49 INFO  : Above_the_Hill_Developments_Ultimate_Package (2) 2/imagine_images/e3sC2.jpg: Copied (new)
2026/09/02 21:47:49 INFO  : Above_the_Hill_Developments_Ultimate_Package (2) 2/imagine_images/eIPw7.jpg: Copied (new)
2026/09/02 21:47:50 INFO  : Above_the_Hill_Developments_Ultimate_Package (2) 2/imagine_images/eNHFV.jpg: Copied (new)
2026/09/02 21:47:50 INFO  : Above_the_Hill_Developments_Ultimate_Package (2) 2/imagine_images/g73xf.jpg: Copied (new)
2026/09/02 21:47:50 INFO  : Above_the_Hill_Developments_Ultimate_Package (2) 2/imagine_images/g9fCQ.jpg: Copied (new)
2026/09/02 21:47:52 INFO  : Above_the_Hill_Developments_Ultimate_Package (2) 2/imagine_images/gFkSs.jpg: Copied (new)
2026/09/02 21:47:52 INFO  : Above_the_Hill_Developments_Ultimate_Package (2) 2/imagine_images/ha7dT.jpg: Copied (new)
2026/09/02 21:47:53 INFO  : Above_the_Hill_Developments_Ultimate_Package (2) 2/imagine_images/gDetL.jpg: Copied (new)
2026/09/02 21:47:54 INFO  : Above_the_Hill_Developments_Ultimate_Package (2) 2/imagine_images/idr4M.jpg: Copied (new)
2026/09/02 21:47:54 INFO  : Above_the_Hill_Developments_Ultimate_Package (2) 2/imagine_images/jjyMA.jpg: Copied (new)
2026/09/02 21:47:55 INFO  : Above_the_Hill_Developments_Ultimate_Package (2) 2/imagine_images/jliFQ.jpg: Copied (new)
2026/09/02 21:47:55 INFO  : Above_the_Hill_Developments_Ultimate_Package (2) 2/imagine_images/kEoXV.jpg: Copied (new)
2026/09/02 21:47:56 INFO  : Above_the_Hill_Developments_Ultimate_Package (2) 2/imagine_images/l1o5b.jpg: Copied (new)
2026/09/02 21:47:57 INFO  : Above_the_Hill_Developments_Ultimate_Package (2) 2/imagine_images/oEllA.jpg: Copied (new)
2026/09/02 21:47:57 INFO  : Above_the_Hill_Developments_Ultimate_Package (2) 2/imagine_images/lvH3s.jpg: Copied (new)
2026/09/02 21:47:57 INFO  : Above_the_Hill_Developments_Ultimate_Package (2) 2/imagine_images/n73KI.jpg: Copied (new)
2026/09/02 21:47:59 INFO  : Above_the_Hill_Developments_Ultimate_Package (2) 2/imagine_images/omJ0N.jpg: Copied (new)
2026/09/02 21:47:59 INFO  : Above_the_Hill_Developments_Ultimate_Package (2) 2/imagine_images/rkIWX.jpg: Copied (new)
2026/09/02 21:48:11 NOTICE:   214.852 MiB / 249.412 MiB, 86%, 253.854 KiB/s, ETA 2m19s (xfr#357/459)
2026/09/02 21:48:32 INFO  : Above_the_Hill_Developments_Ultimate_Package (2) 2/imagine_images/tGu5C.jpg: Copied (new)
2026/09/02 21:48:34 INFO  : Above_the_Hill_Developments_Ultimate_Package (2) 2/imagine_images/uaeld.jpg: Copied (new)
2026/09/02 21:48:36 INFO  : Above_the_Hill_Developments_Ultimate_Package (2) 2/imagine_images/uvrOR.jpg: Copied (new)
2026/09/02 21:48:41 NOTICE:   215.810 MiB / 249.412 MiB, 87%, 75.165 KiB/s, ETA 7m37s (xfr#360/459)
2026/09/02 21:48:49 INFO  : Above_the_Hill_Developments_Ultimate_Package (2) 2/imagine_images/pHIcS.jpg: Copied (new)
2026/09/02 21:48:50 INFO  : Above_the_Hill_Developments_Ultimate_Package (2) 2/imagine_images/uQJt5.jpg: Copied (new)
2026/09/02 21:48:51 INFO  : Above_the_Hill_Developments_Ultimate_Package (2) 2/imagine_images/wu0VE.jpg: Copied (new)
2026/09/02 21:48:51 INFO  : Above_the_Hill_Developments_Ultimate_Package (1)/imagine_images/R6lde.jpg: Copied (new)
2026/09/02 21:48:52 INFO  : Above_the_Hill_Developments_Ultimate_Package (1)/imagine_images/RchFV.jpg: Copied (new)
2026/09/02 21:48:53 INFO  : Above_the_Hill_Developments_Ultimate_Package (1)/imagine_images/SHH0k.jpg: Copied (new)
2026/09/02 21:48:53 INFO  : Above_the_Hill_Developments_Ultimate_Package (1)/imagine_images/SpImH.jpg: Copied (new)
2026/09/02 21:48:54 INFO  : Above_the_Hill_Developments_Ultimate_Package (1)/imagine_images/TvZOf.jpg: Copied (new)
2026/09/02 21:48:54 INFO  : Above_the_Hill_Developments_Ultimate_Package (1)/imagine_images/XbOZZ.jpg: Copied (new)
2026/09/02 21:48:55 INFO  : Above_the_Hill_Developments_Ultimate_Package (1)/imagine_images/XtIag.jpg: Copied (new)
2026/09/02 21:48:55 INFO  : Above_the_Hill_Developments_Ultimate_Package (1)/imagine_images/aqbMW.jpg: Copied (new)
2026/09/02 21:48:56 INFO  : Above_the_Hill_Developments_Ultimate_Package (1)/imagine_images/cfJqY.jpg: Copied (new)
2026/09/02 21:48:57 INFO  : Above_the_Hill_Developments_Ultimate_Package (1)/imagine_images/e3sC2.jpg: Copied (new)
2026/09/02 21:48:57 INFO  : Above_the_Hill_Developments_Ultimate_Package (1)/imagine_images/eIPw7.jpg: Copied (new)
2026/09/02 21:48:58 INFO  : Above_the_Hill_Developments_Ultimate_Package (1)/imagine_images/g73xf.jpg: Copied (new)
2026/09/02 21:48:58 INFO  : Above_the_Hill_Developments_Ultimate_Package (1)/imagine_images/g9fCQ.jpg: Copied (new)
2026/09/02 21:48:59 INFO  : Above_the_Hill_Developments_Ultimate_Package (1)/imagine_images/eNHFV.jpg: Copied (new)
2026/09/02 21:49:11 NOTICE:   222.541 MiB / 251.131 MiB, 89%, 175.367 KiB/s, ETA 2m46s (xfr#377/459)
2026/09/02 21:49:41 NOTICE:   222.541 MiB / 251.131 MiB, 89%, 25.298 KiB/s, ETA 19m17s (xfr#377/459)
2026/09/02 21:49:51 INFO  : Above_the_Hill_Developments_Ultimate_Package (1)/imagine_images/ha7dT.jpg: Copied (new)
2026/09/02 21:49:54 INFO  : Above_the_Hill_Developments_Ultimate_Package (1)/imagine_images/idr4M.jpg: Copied (new)
2026/09/02 21:50:11 NOTICE:   223.392 MiB / 251.502 MiB, 89%, 19.836 KiB/s, ETA 24m11s (xfr#379/459)
2026/09/02 21:50:41 NOTICE:   223.763 MiB / 251.502 MiB, 89%, 22.430 KiB/s, ETA 21m6s (xfr#379/459)
2026/09/02 21:50:55 INFO  : Above_the_Hill_Developments_Ultimate_Package (1)/imagine_images/gDetL.jpg: Copied (new)
2026/09/02 21:50:57 INFO  : Above_the_Hill_Developments_Ultimate_Package (1)/imagine_images/jliFQ.jpg: Copied (new)
2026/09/02 21:51:11 NOTICE:   225.331 MiB / 252.741 MiB, 89%, 42.982 KiB/s, ETA 10m53s (xfr#381/459)
2026/09/02 21:51:41 NOTICE:   225.593 MiB / 252.741 MiB, 89%, 14.426 KiB/s, ETA 32m7s (xfr#381/459)
2026/09/02 21:51:41 INFO  : Above_the_Hill_Developments_Ultimate_Package (1)/imagine_images/kEoXV.jpg: Copied (new)
2026/09/02 21:51:47 INFO  : Above_the_Hill_Developments_Ultimate_Package (1)/imagine_images/gFkSs.jpg: Copied (new)
2026/09/02 21:51:48 INFO  : Above_the_Hill_Developments_Ultimate_Package (1)/imagine_images/l1o5b.jpg: Copied (new)
2026/09/02 21:51:49 INFO  : Above_the_Hill_Developments_Ultimate_Package (1)/imagine_images/lvH3s.jpg: Copied (new)
2026/09/02 21:51:50 INFO  : Above_the_Hill_Developments_Ultimate_Package (1)/imagine_images/jjyMA.jpg: Copied (new)
2026/09/02 21:51:50 INFO  : Above_the_Hill_Developments_Ultimate_Package (1)/imagine_images/oEllA.jpg: Copied (new)
2026/09/02 21:51:53 INFO  : Above_the_Hill_Developments_Ultimate_Package (1)/imagine_images/pHIcS.jpg: Copied (new)
2026/09/02 21:51:55 INFO  : Above_the_Hill_Developments_Ultimate_Package (1)/imagine_images/rkIWX.jpg: Copied (new)
2026/09/02 21:51:56 INFO  : Above_the_Hill_Developments_Ultimate_Package (1)/imagine_images/tGu5C.jpg: Copied (new)
2026/09/02 21:51:56 INFO  : Above_the_Hill_Developments_Ultimate_Package (1)/imagine_images/omJ0N.jpg: Copied (new)
2026/09/02 21:51:57 INFO  : Above_the_Hill_Developments_Ultimate_Package (1)/imagine_images/n73KI.jpg: Copied (new)
2026/09/02 21:51:58 INFO  : Above_the_Hill_Developments_Ultimate_Package (1)/imagine_images/uQJt5.jpg: Copied (new)
2026/09/02 21:52:11 NOTICE:   231.400 MiB / 254.385 MiB, 91%, 130.564 KiB/s, ETA 3m (xfr#393/459)
2026/09/02 21:52:41 NOTICE:   231.590 MiB / 254.746 MiB, 91%, 27.078 KiB/s, ETA 14m35s (xfr#393/459)
2026/09/02 21:52:47 INFO  : Above_the_Hill_Developments_Ultimate_Package (1)/imagine_images/uaeld.jpg: Copied (new)
2026/09/02 21:52:52 INFO  : Above_the_Hill_Developments_Ultimate_Package (1)/imagine_images/uvrOR.jpg: Copied (new)
2026/09/02 21:52:53 INFO  : Above_the_Hill_Developments_Ultimate_Package 3/videos/Trading_Tower_Walkthrough.mp4: Copied (new)
2026/09/02 21:52:56 INFO  : Above_the_Hill_Developments_Ultimate_Package (2) 2/videos/Gated_Bridge_Cinematic.mp4: Copied (new)
2026/09/02 21:52:57 INFO  : Above_the_Hill_Developments_Ultimate_Package (2) 2/videos/Trading_Tower_Walkthrough.mp4: Copied (new)
2026/09/02 21:53:00 INFO  : Above_the_Hill_Developments_Ultimate_Package 3/imagine_images/04MLY.jpg: Copied (new)
2026/09/02 21:53:11 NOTICE:   238.171 MiB / 255.618 MiB, 93%, 164.683 KiB/s, ETA 1m48s (xfr#399/459)
2026/09/02 21:53:36 INFO  : Above_the_Hill_Developments_Ultimate_Package 3/videos/Gated_Bridge_Cinematic.mp4: Copied (new)
2026/09/02 21:53:41 NOTICE:   238.462 MiB / 255.982 MiB, 93%, 31.299 KiB/s, ETA 9m33s (xfr#400/459)
2026/09/02 21:53:46 INFO  : Above_the_Hill_Developments_Ultimate_Package 3/imagine_images/0D1zp.jpg: Copied (new)
2026/09/02 21:53:48 INFO  : Above_the_Hill_Developments_Ultimate_Package 3/imagine_images/1dpRT.jpg: Copied (new)
2026/09/02 21:53:50 INFO  : Above_the_Hill_Developments_Ultimate_Package 3/imagine_images/3AAtC.jpg: Copied (new)
2026/09/02 21:53:52 INFO  : Above_the_Hill_Developments_Ultimate_Package 3/imagine_images/5PQb5.jpg: Copied (new)
2026/09/02 21:53:54 INFO  : Above_the_Hill_Developments_Ultimate_Package 3/imagine_images/7cW0n.jpg: Copied (new)
2026/09/02 21:53:57 INFO  : Above_the_Hill_Developments_Ultimate_Package 3/imagine_images/8Ottm.jpg: Copied (new)
2026/09/02 21:54:03 INFO  : Above_the_Hill_Developments_Ultimate_Package 3/imagine_images/9PHnd.jpg: Copied (new)
2026/09/02 21:54:03 INFO  : Above_the_Hill_Developments_Ultimate_Package (1)/imagine_images/wu0VE.jpg: Copied (new)
2026/09/02 21:54:11 NOTICE:   241.547 MiB / 256.564 MiB, 94%, 71.749 KiB/s, ETA 3m34s (xfr#408/459)
2026/09/02 21:54:26 INFO  : Above_the_Hill_Developments_Ultimate_Package 3/imagine_images/9W9sh.jpg: Copied (new)
2026/09/02 21:54:28 INFO  : Above_the_Hill_Developments_Ultimate_Package 3/imagine_images/CRoCh.jpg: Copied (new)
2026/09/02 21:54:30 INFO  : Above_the_Hill_Developments_Ultimate_Package 3/imagine_images/DGkF6.jpg: Copied (new)
2026/09/02 21:54:32 INFO  : Above_the_Hill_Developments_Ultimate_Package 3/imagine_images/DJNuz.jpg: Copied (new)
2026/09/02 21:54:34 INFO  : Above_the_Hill_Developments_Ultimate_Package 3/imagine_images/Ennjz.jpg: Copied (new)
2026/09/02 21:54:36 INFO  : Above_the_Hill_Developments_Ultimate_Package 3/imagine_images/HcFdj.jpg: Copied (new)
2026/09/02 21:54:38 INFO  : Above_the_Hill_Developments_Ultimate_Package 3/imagine_images/Hs3zw.jpg: Copied (new)
2026/09/02 21:54:40 INFO  : Above_the_Hill_Developments_Ultimate_Package 3/imagine_images/IFROR.jpg: Copied (new)
2026/09/02 21:54:41 NOTICE:   243.980 MiB / 256.961 MiB, 95%, 109.773 KiB/s, ETA 2m1s (xfr#416/459)
2026/09/02 21:54:41 INFO  : Above_the_Hill_Developments_Ultimate_Package 3/imagine_images/JYQ6Z.jpg: Copied (new)
2026/09/02 21:54:43 INFO  : Above_the_Hill_Developments_Ultimate_Package 3/imagine_images/BkVl8.jpg: Copied (new)
2026/09/02 21:54:43 INFO  : Above_the_Hill_Developments_Ultimate_Package 3/imagine_images/JumTz.jpg: Copied (new)
2026/09/02 21:54:43 INFO  : Above_the_Hill_Developments_Ultimate_Package 3/imagine_images/07zpX.jpg: Copied (new)
2026/09/02 21:54:44 INFO  : Above_the_Hill_Developments_Ultimate_Package 3/imagine_images/LgBzY.jpg: Copied (new)
2026/09/02 21:54:45 INFO  : Above_the_Hill_Developments_Ultimate_Package 3/imagine_images/M9be2.jpg: Copied (new)
2026/09/02 21:54:45 INFO  : Above_the_Hill_Developments_Ultimate_Package 3/imagine_images/Myflu.jpg: Copied (new)
2026/09/02 21:54:46 INFO  : Above_the_Hill_Developments_Ultimate_Package 3/imagine_images/Ni21r.jpg: Copied (new)
2026/09/02 21:54:46 INFO  : Above_the_Hill_Developments_Ultimate_Package 3/imagine_images/PJc51.jpg: Copied (new)
2026/09/02 21:54:47 INFO  : Above_the_Hill_Developments_Ultimate_Package 3/imagine_images/QLU4k.jpg: Copied (new)
2026/09/02 21:54:48 INFO  : Above_the_Hill_Developments_Ultimate_Package 3/imagine_images/R6lde.jpg: Copied (new)
2026/09/02 21:54:48 INFO  : Above_the_Hill_Developments_Ultimate_Package 3/imagine_images/RchFV.jpg: Copied (new)
2026/09/02 21:54:48 INFO  : Above_the_Hill_Developments_Ultimate_Package 3/imagine_images/SHH0k.jpg: Copied (new)
2026/09/02 21:54:49 INFO  : Above_the_Hill_Developments_Ultimate_Package 3/imagine_images/SpImH.jpg: Copied (new)
2026/09/02 21:54:50 INFO  : Above_the_Hill_Developments_Ultimate_Package 3/imagine_images/TvZOf.jpg: Copied (new)
2026/09/02 21:54:50 INFO  : Above_the_Hill_Developments_Ultimate_Package 3/imagine_images/XbOZZ.jpg: Copied (new)
2026/09/02 21:54:51 INFO  : Above_the_Hill_Developments_Ultimate_Package 3/imagine_images/XtIag.jpg: Copied (new)
2026/09/02 21:54:51 INFO  : Above_the_Hill_Developments_Ultimate_Package 3/imagine_images/aqbMW.jpg: Copied (new)
2026/09/02 21:54:52 INFO  : Above_the_Hill_Developments_Ultimate_Package 3/imagine_images/cfJqY.jpg: Copied (new)
2026/09/02 21:54:52 INFO  : Above_the_Hill_Developments_Ultimate_Package 3/imagine_images/e3sC2.jpg: Copied (new)
2026/09/02 21:54:53 INFO  : Above_the_Hill_Developments_Ultimate_Package 3/imagine_images/eIPw7.jpg: Copied (new)
2026/09/02 21:54:53 INFO  : Above_the_Hill_Developments_Ultimate_Package 3/imagine_images/eNHFV.jpg: Copied (new)
2026/09/02 21:54:54 INFO  : Above_the_Hill_Developments_Ultimate_Package 3/imagine_images/g73xf.jpg: Copied (new)
2026/09/02 21:54:55 INFO  : Above_the_Hill_Developments_Ultimate_Package 3/imagine_images/g9fCQ.jpg: Copied (new)
2026/09/02 21:54:55 INFO  : Above_the_Hill_Developments_Ultimate_Package 3/imagine_images/gDetL.jpg: Copied (new)
2026/09/02 21:54:55 INFO  : Above_the_Hill_Developments_Ultimate_Package 3/imagine_images/gFkSs.jpg: Copied (new)
2026/09/02 21:54:57 INFO  : Above_the_Hill_Developments_Ultimate_Package 3/imagine_images/idr4M.jpg: Copied (new)
2026/09/02 21:54:57 INFO  : Above_the_Hill_Developments_Ultimate_Package 3/imagine_images/ha7dT.jpg: Copied (new)
2026/09/02 21:54:57 INFO  : Above_the_Hill_Developments_Ultimate_Package 3/imagine_images/jjyMA.jpg: Copied (new)
2026/09/02 21:54:59 INFO  : Above_the_Hill_Developments_Ultimate_Package 3/imagine_images/kEoXV.jpg: Copied (new)
2026/09/02 21:54:59 INFO  : Above_the_Hill_Developments_Ultimate_Package 3/imagine_images/l1o5b.jpg: Copied (new)
2026/09/02 21:55:00 INFO  : Above_the_Hill_Developments_Ultimate_Package 3/imagine_images/jliFQ.jpg: Copied (new)
2026/09/02 21:55:00 INFO  : Above_the_Hill_Developments_Ultimate_Package 3/imagine_images/lvH3s.jpg: Copied (new)
2026/09/02 21:55:01 INFO  : Above_the_Hill_Developments_Ultimate_Package 3/imagine_images/n73KI.jpg: Copied (new)
2026/09/02 21:55:11 NOTICE:   255.590 MiB / 258.591 MiB, 99%, 262.799 KiB/s, ETA 11s (xfr#450/459)
2026/09/02 21:55:29 INFO  : Above_the_Hill_Developments_Ultimate_Package 3/imagine_images/oEllA.jpg: Copied (new)
2026/09/02 21:55:31 INFO  : Above_the_Hill_Developments_Ultimate_Package 3/imagine_images/rkIWX.jpg: Copied (new)
2026/09/02 21:55:31 INFO  : Above_the_Hill_Developments_Ultimate_Package 3/imagine_images/omJ0N.jpg: Copied (new)
2026/09/02 21:55:32 INFO  : Above_the_Hill_Developments_Ultimate_Package 3/imagine_images/pHIcS.jpg: Copied (new)
2026/09/02 21:55:33 INFO  : Above_the_Hill_Developments_Ultimate_Package 3/imagine_images/tGu5C.jpg: Copied (new)
2026/09/02 21:55:33 INFO  : Above_the_Hill_Developments_Ultimate_Package 3/imagine_images/uQJt5.jpg: Copied (new)
2026/09/02 21:55:34 INFO  : Above_the_Hill_Developments_Ultimate_Package 3/imagine_images/uaeld.jpg: Copied (new)
2026/09/02 21:55:34 INFO  : Above_the_Hill_Developments_Ultimate_Package 3/imagine_images/uvrOR.jpg: Copied (new)
2026/09/02 21:55:35 INFO  : Above_the_Hill_Developments_Ultimate_Package 3/imagine_images/wu0VE.jpg: Copied (new)
2026/09/02 21:55:35 INFO  : Above_the_Hill_Developments_Ultimate_Package (1) 2/videos: Set directory modification time (using DirSetModTime)
2026/09/02 21:55:36 INFO  : Above_the_Hill_Developments_Ultimate_Package (1)/imagine_images: Set directory modification time (using DirSetModTime)
2026/09/02 21:55:36 INFO  : Above_the_Hill_Developments_Ultimate_Package (4)/imagine_images: Set directory modification time (using DirSetModTime)
2026/09/02 21:55:36 INFO  : Above_the_Hill_Developments_Ultimate_Package (1) 2/imagine_images: Set directory modification time (using DirSetModTime)
2026/09/02 21:55:36 INFO  : Above_the_Hill_Developments_Ultimate_Package (1)/videos: Set directory modification time (using DirSetModTime)
2026/09/02 21:55:36 INFO  : Above_the_Hill_Developments_Ultimate_Package (4)/videos: Set directory modification time (using DirSetModTime)
2026/09/02 21:55:36 INFO  : Above_the_Hill_Developments_Ultimate_Package (2)/imagine_images: Set directory modification time (using DirSetModTime)
2026/09/02 21:55:36 INFO  : Above_the_Hill_Developments_Ultimate_Package (6)/imagine_images: Set directory modification time (using DirSetModTime)
2026/09/02 21:55:36 INFO  : Above_the_Hill_Developments_Ultimate_Package (2) 2/imagine_images: Set directory modification time (using DirSetModTime)
2026/09/02 21:55:36 INFO  : Above_the_Hill_Developments_Ultimate_Package (2)/videos: Set directory modification time (using DirSetModTime)
2026/09/02 21:55:36 INFO  : Above_the_Hill_Developments_Ultimate_Package (2) 2/videos: Set directory modification time (using DirSetModTime)
2026/09/02 21:55:37 INFO  : Above_the_Hill_Developments_Ultimate_Package 3/videos: Set directory modification time (using DirSetModTime)
2026/09/02 21:55:37 INFO  : Above_the_Hill_Developments_Ultimate_Package 3/imagine_images: Set directory modification time (using DirSetModTime)
2026/09/02 21:55:37 INFO  : Above_the_Hill_Developments_Ultimate_Package (6)/videos: Set directory modification time (using DirSetModTime)
2026/09/02 21:55:37 INFO  : Above_the_Hill_Developments_Ultimate_Package (1): Set directory modification time (using DirSetModTime)
2026/09/02 21:55:37 INFO  : Above_the_Hill_Developments_Ultimate_Package (2): Set directory modification time (using DirSetModTime)
2026/09/02 21:55:37 INFO  : Above_the_Hill_Developments_Ultimate_Package (6): Set directory modification time (using DirSetModTime)
2026/09/02 21:55:38 INFO  : Above_the_Hill_Developments_Ultimate_Package (1) 2: Set directory modification time (using DirSetModTime)
2026/09/02 21:55:38 INFO  : Above_the_Hill_Developments_Ultimate_Package (2) 2: Set directory modification time (using DirSetModTime)
2026/09/02 21:55:38 INFO  : Above_the_Hill_Developments_Ultimate_Package (4): Set directory modification time (using DirSetModTime)
2026/09/02 21:55:38 INFO  : Above_the_Hill_Developments_Ultimate_Package 3: Set directory modification time (using DirSetModTime)
2026/09/02 21:55:38 INFO  : Above_the_Hill_Developments_Ultimate_Package 2: Set directory modification time (using DirSetModTime)
2026/09/02 21:55:38 NOTICE:   259.608 MiB / 259.608 MiB, 100%, 249.482 KiB/s, ETA 0s
