2026/09/02 16:39:04 NOTICE: gdrive: This remote uses rclone's shared Google Drive client_id, which is being retired and will stop working during 2026. Create your own client_id to avoid interruption: https://rclone.org/drive/#making-your-own-client-id
2026/09/02 16:39:42 INFO  : Screen Recording 2026-06-10 at 10.02.49 PM.mov: Copied (new)
2026/09/02 16:39:44 INFO  : Screen Recording 2026-06-15 at 12.48.19 AM.mov: Copied (new)
2026/09/02 16:39:44 INFO  : Screen Recording 2026-06-15 at 12.46.21 AM.mov: Copied (new)
2026/09/02 16:39:54 NOTICE:   112.075 MiB / 18.972 GiB, 1%, 7.434 MiB/s, ETA 43m18s (xfr#3/38)
2026/09/02 16:39:54 INFO  : Screen Recording 2026-06-15 at 2.39.22 AM.mov: Copied (new)
2026/09/02 16:39:57 INFO  : Screen Recording 2026-06-15 at 12.52.09 AM.mov: Copied (new)
2026/09/02 16:39:58 INFO  : Screen Recording 2026-06-15 at 2.52.11 AM.mov: Copied (new)
2026/09/02 16:40:09 NOTICE:   275.423 MiB / 18.972 GiB, 1%, 9.513 MiB/s, ETA 33m33s (xfr#6/38)
2026/09/02 16:40:24 NOTICE:   446.333 MiB / 18.972 GiB, 2%, 10.593 MiB/s, ETA 29m51s (xfr#6/38)
2026/09/02 16:40:39 NOTICE:   611.236 MiB / 18.972 GiB, 3%, 10.965 MiB/s, ETA 28m35s (xfr#6/38)
2026/09/02 16:40:54 NOTICE:   775.962 MiB / 18.972 GiB, 4%, 11.381 MiB/s, ETA 27m18s (xfr#6/38)
2026/09/02 16:41:09 NOTICE:   941.642 MiB / 18.972 GiB, 5%, 10.672 MiB/s, ETA 28m52s (xfr#6/38)
2026/09/02 16:41:24 NOTICE:     1.062 GiB / 18.972 GiB, 6%, 10.548 MiB/s, ETA 28m58s (xfr#6/38)
2026/09/02 16:41:39 NOTICE:     1.217 GiB / 18.972 GiB, 6%, 10.444 MiB/s, ETA 29m (xfr#6/38)
2026/09/02 16:41:54 NOTICE:     1.380 GiB / 18.972 GiB, 7%, 10.733 MiB/s, ETA 27m58s (xfr#6/38)
2026/09/02 16:42:09 NOTICE:     1.559 GiB / 18.972 GiB, 8%, 11.431 MiB/s, ETA 25m59s (xfr#6/38)
2026/09/02 16:42:24 NOTICE:     1.693 GiB / 18.972 GiB, 9%, 10.004 MiB/s, ETA 29m28s (xfr#6/38)
2026/09/02 16:42:39 NOTICE:     1.808 GiB / 19.842 GiB, 9%, 8.683 MiB/s, ETA 35m26s (xfr#6/38)
2026/09/02 16:42:54 NOTICE:     1.974 GiB / 19.842 GiB, 10%, 10.355 MiB/s, ETA 29m27s (xfr#6/38)
2026/09/02 16:43:09 NOTICE:     2.146 GiB / 19.842 GiB, 11%, 11.266 MiB/s, ETA 26m48s (xfr#6/38)
2026/09/02 16:43:24 NOTICE:     2.308 GiB / 19.842 GiB, 12%, 11.220 MiB/s, ETA 26m40s (xfr#6/38)
2026/09/02 16:43:39 NOTICE:     2.464 GiB / 19.842 GiB, 12%, 10.967 MiB/s, ETA 27m2s (xfr#6/38)
2026/09/02 16:43:54 NOTICE:     2.620 GiB / 19.842 GiB, 13%, 10.269 MiB/s, ETA 28m37s (xfr#6/38)
2026/09/02 16:44:09 NOTICE:     2.770 GiB / 19.842 GiB, 14%, 10.354 MiB/s, ETA 28m8s (xfr#6/38)
2026/09/02 16:44:24 NOTICE:     2.921 GiB / 19.842 GiB, 15%, 10.270 MiB/s, ETA 28m7s (xfr#6/38)
2026/09/02 16:44:39 NOTICE:     3.076 GiB / 19.842 GiB, 16%, 10.401 MiB/s, ETA 27m30s (xfr#6/38)
2026/09/02 16:44:54 NOTICE:     3.231 GiB / 19.842 GiB, 16%, 10.696 MiB/s, ETA 26m30s (xfr#6/38)
2026/09/02 16:44:55 INFO  : Screen Recording 2026-06-22 at 9.30.15 AM.mov: Copied (new)
2026/09/02 16:45:09 NOTICE:     3.393 GiB / 19.842 GiB, 17%, 10.857 MiB/s, ETA 25m51s (xfr#7/38)
2026/09/02 16:45:24 NOTICE:     3.528 GiB / 19.842 GiB, 18%, 9.350 MiB/s, ETA 29m46s (xfr#7/38)
2026/09/02 16:45:39 NOTICE:     3.650 GiB / 20.013 GiB, 18%, 9.059 MiB/s, ETA 30m49s (xfr#7/38)
2026/09/02 16:45:54 NOTICE:     3.816 GiB / 20.013 GiB, 19%, 10.289 MiB/s, ETA 26m52s (xfr#7/38)
2026/09/02 16:46:09 NOTICE:     3.948 GiB / 20.013 GiB, 20%, 9.419 MiB/s, ETA 29m6s (xfr#7/38)
2026/09/02 16:46:24 NOTICE:     4.002 GiB / 20.183 GiB, 20%, 5.611 MiB/s, ETA 49m12s (xfr#7/38)
2026/09/02 16:46:39 NOTICE:     4.095 GiB / 20.183 GiB, 20%, 6.457 MiB/s, ETA 42m31s (xfr#7/38)
2026/09/02 16:46:49 INFO  : Screen Recording 2026-06-25 at 9.20.59 AM.mov: Copied (new)
2026/09/02 16:46:54 NOTICE:     4.198 GiB / 20.183 GiB, 21%, 6.729 MiB/s, ETA 40m32s (xfr#8/38)
2026/09/02 16:46:55 INFO  : Screen Recording 2026-06-28 at 9.06.51 PM.mov: Copied (new)
2026/09/02 16:47:09 NOTICE:     4.305 GiB / 21.971 GiB, 20%, 6.880 MiB/s, ETA 43m49s (xfr#9/38)
2026/09/02 16:47:24 NOTICE:     4.435 GiB / 22.000 GiB, 20%, 8.191 MiB/s, ETA 36m35s (xfr#9/38)
2026/09/02 16:47:32 INFO  : Screen Recording 2026-06-28 at 9.09.07 PM.mov: Copied (new)
2026/09/02 16:47:39 NOTICE:     4.592 GiB / 22.000 GiB, 21%, 9.917 MiB/s, ETA 29m57s (xfr#10/38)
2026/09/02 16:47:54 NOTICE:     4.764 GiB / 22.000 GiB, 22%, 11.066 MiB/s, ETA 26m35s (xfr#10/38)
2026/09/02 16:48:09 NOTICE:     4.942 GiB / 22.000 GiB, 22%, 11.674 MiB/s, ETA 24m56s (xfr#10/38)
2026/09/02 16:48:24 NOTICE:     5.116 GiB / 22.000 GiB, 23%, 11.987 MiB/s, ETA 24m2s (xfr#10/38)
2026/09/02 16:48:39 NOTICE:     5.287 GiB / 22.000 GiB, 24%, 11.977 MiB/s, ETA 23m48s (xfr#10/38)
2026/09/02 16:48:54 NOTICE:     5.432 GiB / 22.000 GiB, 25%, 10.666 MiB/s, ETA 26m30s (xfr#10/38)
2026/09/02 16:49:09 NOTICE:     5.597 GiB / 22.000 GiB, 25%, 11.054 MiB/s, ETA 25m19s (xfr#10/38)
2026/09/02 16:49:24 NOTICE:     5.700 GiB / 22.491 GiB, 25%, 8.577 MiB/s, ETA 33m24s (xfr#10/38)
2026/09/02 16:49:39 NOTICE:     5.872 GiB / 22.491 GiB, 26%, 10.611 MiB/s, ETA 26m43s (xfr#10/38)
2026/09/02 16:49:54 NOTICE:     6.047 GiB / 22.491 GiB, 27%, 11.230 MiB/s, ETA 24m59s (xfr#10/38)
2026/09/02 16:50:09 NOTICE:     6.227 GiB / 22.491 GiB, 28%, 11.923 MiB/s, ETA 23m16s (xfr#10/38)
2026/09/02 16:50:24 NOTICE:     6.403 GiB / 22.491 GiB, 28%, 12.134 MiB/s, ETA 22m37s (xfr#10/38)
2026/09/02 16:50:39 NOTICE:     6.575 GiB / 22.491 GiB, 29%, 12.112 MiB/s, ETA 22m25s (xfr#10/38)
2026/09/02 16:50:54 NOTICE:     6.735 GiB / 22.491 GiB, 30%, 11.317 MiB/s, ETA 23m45s (xfr#10/38)
2026/09/02 16:51:09 NOTICE:     6.862 GiB / 22.491 GiB, 31%, 9.368 MiB/s, ETA 28m28s (xfr#10/38)
2026/09/02 16:51:24 NOTICE:     6.998 GiB / 22.982 GiB, 30%, 9.272 MiB/s, ETA 29m25s (xfr#10/38)
2026/09/02 16:51:30 INFO  : Screen Recording 2026-06-22 at 3.43.39 AM.mov: Copied (new)
2026/09/02 16:51:39 NOTICE:     7.171 GiB / 22.982 GiB, 31%, 10.631 MiB/s, ETA 25m22s (xfr#11/38)
2026/09/02 16:51:54 NOTICE:     7.330 GiB / 22.982 GiB, 32%, 11.352 MiB/s, ETA 23m31s (xfr#11/38)
2026/09/02 16:52:09 NOTICE:     7.505 GiB / 22.982 GiB, 33%, 11.361 MiB/s, ETA 23m14s (xfr#11/38)
2026/09/02 16:52:24 NOTICE:     7.653 GiB / 22.982 GiB, 33%, 10.503 MiB/s, ETA 24m54s (xfr#11/38)
2026/09/02 16:52:34 INFO  : Screen Recording 2026-06-29 at 8.58.21 AM.mov: Copied (new)
2026/09/02 16:52:39 NOTICE:     7.819 GiB / 22.982 GiB, 34%, 11.052 MiB/s, ETA 23m24s (xfr#12/38)
2026/09/02 16:52:54 NOTICE:     7.982 GiB / 22.982 GiB, 35%, 11.080 MiB/s, ETA 23m6s (xfr#12/38)
2026/09/02 16:53:09 NOTICE:     8.143 GiB / 22.982 GiB, 35%, 10.869 MiB/s, ETA 23m18s (xfr#12/38)
2026/09/02 16:53:24 NOTICE:     8.274 GiB / 22.982 GiB, 36%, 9.584 MiB/s, ETA 26m11s (xfr#12/38)
2026/09/02 16:53:39 NOTICE:     8.403 GiB / 23.472 GiB, 36%, 9.258 MiB/s, ETA 27m46s (xfr#12/38)
2026/09/02 16:53:54 NOTICE:     8.574 GiB / 23.472 GiB, 37%, 10.751 MiB/s, ETA 23m38s (xfr#12/38)
2026/09/02 16:54:09 NOTICE:     8.747 GiB / 23.472 GiB, 37%, 11.534 MiB/s, ETA 21m47s (xfr#12/38)
2026/09/02 16:54:24 NOTICE:     8.912 GiB / 23.472 GiB, 38%, 11.482 MiB/s, ETA 21m38s (xfr#12/38)
2026/09/02 16:54:39 NOTICE:     9.090 GiB / 23.472 GiB, 39%, 11.844 MiB/s, ETA 20m43s (xfr#12/38)
2026/09/02 16:54:54 NOTICE:     9.271 GiB / 23.472 GiB, 39%, 12.030 MiB/s, ETA 20m8s (xfr#12/38)
2026/09/02 16:55:09 NOTICE:     9.457 GiB / 23.472 GiB, 40%, 12.625 MiB/s, ETA 18m56s (xfr#12/38)
2026/09/02 16:55:24 NOTICE:     9.591 GiB / 23.472 GiB, 41%, 10.124 MiB/s, ETA 23m24s (xfr#12/38)
2026/09/02 16:55:39 NOTICE:     9.767 GiB / 23.963 GiB, 41%, 11.302 MiB/s, ETA 21m26s (xfr#12/38)
2026/09/02 16:55:54 NOTICE:     9.942 GiB / 23.963 GiB, 41%, 11.705 MiB/s, ETA 20m26s (xfr#12/38)
2026/09/02 16:56:09 NOTICE:    10.127 GiB / 23.963 GiB, 42%, 12.384 MiB/s, ETA 19m3s (xfr#12/38)
2026/09/02 16:56:24 NOTICE:    10.273 GiB / 25.432 GiB, 40%, 10.894 MiB/s, ETA 23m44s (xfr#12/38)
2026/09/02 16:56:39 NOTICE:    10.451 GiB / 25.432 GiB, 41%, 11.687 MiB/s, ETA 21m52s (xfr#12/38)
2026/09/02 16:56:53 INFO  : Screen Recording 2026-06-29 at 8.32.09 AM.mov: Copied (new)
2026/09/02 16:56:54 NOTICE:    10.625 GiB / 25.432 GiB, 42%, 11.893 MiB/s, ETA 21m14s (xfr#13/38)
2026/09/02 16:57:09 NOTICE:    10.816 GiB / 25.432 GiB, 43%, 12.600 MiB/s, ETA 19m47s (xfr#13/38)
2026/09/02 16:57:24 NOTICE:    11.002 GiB / 25.432 GiB, 43%, 12.536 MiB/s, ETA 19m38s (xfr#13/38)
2026/09/02 16:57:39 NOTICE:    11.182 GiB / 25.432 GiB, 44%, 12.563 MiB/s, ETA 19m21s (xfr#13/38)
2026/09/02 16:57:54 NOTICE:    11.338 GiB / 25.432 GiB, 45%, 11.595 MiB/s, ETA 20m44s (xfr#13/38)
2026/09/02 16:58:09 NOTICE:    11.500 GiB / 25.432 GiB, 45%, 11.084 MiB/s, ETA 21m27s (xfr#13/38)
2026/09/02 16:58:24 NOTICE:    11.655 GiB / 25.432 GiB, 46%, 10.808 MiB/s, ETA 21m45s (xfr#13/38)
2026/09/02 16:58:39 NOTICE:    11.815 GiB / 25.432 GiB, 46%, 11.078 MiB/s, ETA 20m58s (xfr#13/38)
2026/09/02 16:58:54 NOTICE:    11.981 GiB / 25.432 GiB, 47%, 11.279 MiB/s, ETA 20m21s (xfr#13/38)
2026/09/02 16:59:09 NOTICE:    12.139 GiB / 25.432 GiB, 48%, 11.270 MiB/s, ETA 20m7s (xfr#13/38)
2026/09/02 16:59:24 NOTICE:    12.309 GiB / 25.432 GiB, 48%, 10.836 MiB/s, ETA 20m40s (xfr#13/38)
2026/09/02 16:59:27 INFO  : Screen Recording 2026-06-30 at 2.06.23 PM.mov: Copied (new)
2026/09/02 16:59:39 NOTICE:    12.484 GiB / 25.432 GiB, 49%, 11.612 MiB/s, ETA 19m1s (xfr#14/38)
2026/09/02 16:59:54 NOTICE:    12.662 GiB / 25.432 GiB, 50%, 11.929 MiB/s, ETA 18m16s (xfr#14/38)
2026/09/02 17:00:09 NOTICE:    12.834 GiB / 25.432 GiB, 50%, 11.936 MiB/s, ETA 18m (xfr#14/38)
2026/09/02 17:00:24 NOTICE:    12.982 GiB / 26.901 GiB, 48%, 10.634 MiB/s, ETA 22m20s (xfr#14/38)
2026/09/02 17:00:39 NOTICE:    13.143 GiB / 26.901 GiB, 49%, 11.055 MiB/s, ETA 21m14s (xfr#14/38)
2026/09/02 17:00:54 NOTICE:    13.302 GiB / 26.901 GiB, 49%, 10.722 MiB/s, ETA 21m38s (xfr#14/38)
2026/09/02 17:01:09 NOTICE:    13.469 GiB / 26.901 GiB, 50%, 11.051 MiB/s, ETA 20m44s (xfr#14/38)
2026/09/02 17:01:24 NOTICE:    13.652 GiB / 26.901 GiB, 51%, 11.929 MiB/s, ETA 18m57s (xfr#14/38)
2026/09/02 17:01:39 NOTICE:    13.826 GiB / 26.901 GiB, 51%, 11.863 MiB/s, ETA 18m48s (xfr#14/38)
2026/09/02 17:01:54 NOTICE:    13.999 GiB / 26.901 GiB, 52%, 11.725 MiB/s, ETA 18m46s (xfr#14/38)
2026/09/02 17:02:09 NOTICE:    14.172 GiB / 26.901 GiB, 53%, 11.918 MiB/s, ETA 18m13s (xfr#14/38)
2026/09/02 17:02:24 NOTICE:    14.312 GiB / 26.901 GiB, 53%, 10.430 MiB/s, ETA 20m36s (xfr#14/38)
2026/09/02 17:02:39 NOTICE:    14.451 GiB / 26.901 GiB, 54%, 10.262 MiB/s, ETA 20m42s (xfr#14/38)
2026/09/02 17:02:54 NOTICE:    14.620 GiB / 26.901 GiB, 54%, 10.709 MiB/s, ETA 19m34s (xfr#14/38)
2026/09/02 17:03:09 NOTICE:    14.788 GiB / 26.901 GiB, 55%, 11.175 MiB/s, ETA 18m29s (xfr#14/38)
2026/09/02 17:03:24 NOTICE:    14.969 GiB / 26.901 GiB, 56%, 11.966 MiB/s, ETA 17m1s (xfr#14/38)
2026/09/02 17:03:39 NOTICE:    15.134 GiB / 26.901 GiB, 56%, 11.370 MiB/s, ETA 17m39s (xfr#14/38)
2026/09/02 17:03:54 NOTICE:    15.274 GiB / 26.901 GiB, 57%, 10.408 MiB/s, ETA 19m3s (xfr#14/38)
2026/09/02 17:04:09 NOTICE:    15.414 GiB / 26.901 GiB, 57%, 9.779 MiB/s, ETA 20m2s (xfr#14/38)
2026/09/02 17:04:24 NOTICE:    15.552 GiB / 26.901 GiB, 58%, 9.764 MiB/s, ETA 19m50s (xfr#14/38)
2026/09/02 17:04:39 NOTICE:    15.682 GiB / 26.901 GiB, 58%, 9.255 MiB/s, ETA 20m41s (xfr#14/38)
2026/09/02 17:04:54 NOTICE:    15.823 GiB / 26.901 GiB, 59%, 9.683 MiB/s, ETA 19m31s (xfr#14/38)
2026/09/02 17:05:09 NOTICE:    15.934 GiB / 26.901 GiB, 59%, 7.856 MiB/s, ETA 23m49s (xfr#14/38)
2026/09/02 17:05:24 NOTICE:    16.081 GiB / 26.901 GiB, 60%, 9.246 MiB/s, ETA 19m58s (xfr#14/38)
2026/09/02 17:05:39 NOTICE:    16.233 GiB / 28.371 GiB, 57%, 10.015 MiB/s, ETA 20m41s (xfr#14/38)
2026/09/02 17:05:54 NOTICE:    16.382 GiB / 28.371 GiB, 58%, 9.916 MiB/s, ETA 20m38s (xfr#14/38)
2026/09/02 17:06:09 NOTICE:    16.525 GiB / 28.371 GiB, 58%, 10.188 MiB/s, ETA 19m50s (xfr#14/38)
2026/09/02 17:06:20 ERROR : Screen Recording 2026-05-14 at 9.38.10 AM.mov: Failed to copy: couldn't list directory: Get "https://www.googleapis.com/drive/v3/files?alt=json&fields=files%28id%2Cname%2Csize%2Cmd5Checksum%2Csha1Checksum%2Csha256Checksum%2Ctrashed%2CexplicitlyTrashed%2CmodifiedTime%2CcreatedTime%2CmimeType%2Cparents%2CwebViewLink%2CshortcutDetails%2CexportLinks%2CresourceKey%29%2CnextPageToken%2CincompleteSearch&includeItemsFromAllDrives=true&pageSize=1000&prettyPrint=false&q=trashed%3Dfalse+and+%28%2719jcO15_mO0Lcm3bHjp4TdSNLxQhUHvde%27+in+parents%29+and+%28name%3D%27Screen+Recording+2026-05-14+at+9.38.10%E2%80%AFAM.mov%27%29&supportsAllDrives=true": dial tcp: lookup www.googleapis.com: no such host
2026/09/02 17:06:20 ERROR : Screen Recording 2026-06-30 at 8.49.08 AM.mov: Failed to copy: couldn't list directory: Get "https://www.googleapis.com/drive/v3/files?alt=json&fields=files%28id%2Cname%2Csize%2Cmd5Checksum%2Csha1Checksum%2Csha256Checksum%2Ctrashed%2CexplicitlyTrashed%2CmodifiedTime%2CcreatedTime%2CmimeType%2Cparents%2CwebViewLink%2CshortcutDetails%2CexportLinks%2CresourceKey%29%2CnextPageToken%2CincompleteSearch&includeItemsFromAllDrives=true&pageSize=1000&prettyPrint=false&q=trashed%3Dfalse+and+%28%2719jcO15_mO0Lcm3bHjp4TdSNLxQhUHvde%27+in+parents%29+and+%28name%3D%27Screen+Recording+2026-06-30+at+8.49.08%E2%80%AFAM.mov%27%29&supportsAllDrives=true": dial tcp: lookup www.googleapis.com: no such host
2026/09/02 17:06:20 ERROR : Screen Recording 2026-07-01 at 1.48.34 PM.mov: Failed to copy: couldn't list directory: Get "https://www.googleapis.com/drive/v3/files?alt=json&fields=files%28id%2Cname%2Csize%2Cmd5Checksum%2Csha1Checksum%2Csha256Checksum%2Ctrashed%2CexplicitlyTrashed%2CmodifiedTime%2CcreatedTime%2CmimeType%2Cparents%2CwebViewLink%2CshortcutDetails%2CexportLinks%2CresourceKey%29%2CnextPageToken%2CincompleteSearch&includeItemsFromAllDrives=true&pageSize=1000&prettyPrint=false&q=trashed%3Dfalse+and+%28%2719jcO15_mO0Lcm3bHjp4TdSNLxQhUHvde%27+in+parents%29+and+%28name%3D%27Screen+Recording+2026-07-01+at+1.48.34%E2%80%AFPM.mov%27%29&supportsAllDrives=true": dial tcp: lookup www.googleapis.com: no such host
2026/09/02 17:06:20 ERROR : Screen Recording 2026-07-01 at 10.34.14 AM.mov: Failed to copy: couldn't list directory: Get "https://www.googleapis.com/drive/v3/files?alt=json&fields=files%28id%2Cname%2Csize%2Cmd5Checksum%2Csha1Checksum%2Csha256Checksum%2Ctrashed%2CexplicitlyTrashed%2CmodifiedTime%2CcreatedTime%2CmimeType%2Cparents%2CwebViewLink%2CshortcutDetails%2CexportLinks%2CresourceKey%29%2CnextPageToken%2CincompleteSearch&includeItemsFromAllDrives=true&pageSize=1000&prettyPrint=false&q=trashed%3Dfalse+and+%28%2719jcO15_mO0Lcm3bHjp4TdSNLxQhUHvde%27+in+parents%29+and+%28name%3D%27Screen+Recording+2026-07-01+at+10.34.14%E2%80%AFAM.mov%27%29&supportsAllDrives=true": dial tcp: lookup www.googleapis.com: no such host
2026/09/02 17:06:20 ERROR : Screen Recording 2026-07-01 at 8.36.56 AM.mov: Failed to copy: couldn't list directory: Get "https://www.googleapis.com/drive/v3/files?alt=json&fields=files%28id%2Cname%2Csize%2Cmd5Checksum%2Csha1Checksum%2Csha256Checksum%2Ctrashed%2CexplicitlyTrashed%2CmodifiedTime%2CcreatedTime%2CmimeType%2Cparents%2CwebViewLink%2CshortcutDetails%2CexportLinks%2CresourceKey%29%2CnextPageToken%2CincompleteSearch&includeItemsFromAllDrives=true&pageSize=1000&prettyPrint=false&q=trashed%3Dfalse+and+%28%2719jcO15_mO0Lcm3bHjp4TdSNLxQhUHvde%27+in+parents%29+and+%28name%3D%27Screen+Recording+2026-07-01+at+8.36.56%E2%80%AFAM.mov%27%29&supportsAllDrives=true": dial tcp: lookup www.googleapis.com: no such host
2026/09/02 17:06:20 ERROR : Screen Recording 2026-07-04 at 1.09.20 PM.mov: Failed to copy: couldn't list directory: Get "https://www.googleapis.com/drive/v3/files?alt=json&fields=files%28id%2Cname%2Csize%2Cmd5Checksum%2Csha1Checksum%2Csha256Checksum%2Ctrashed%2CexplicitlyTrashed%2CmodifiedTime%2CcreatedTime%2CmimeType%2Cparents%2CwebViewLink%2CshortcutDetails%2CexportLinks%2CresourceKey%29%2CnextPageToken%2CincompleteSearch&includeItemsFromAllDrives=true&pageSize=1000&prettyPrint=false&q=trashed%3Dfalse+and+%28%2719jcO15_mO0Lcm3bHjp4TdSNLxQhUHvde%27+in+parents%29+and+%28name%3D%27Screen+Recording+2026-07-04+at+1.09.20%E2%80%AFPM.mov%27%29&supportsAllDrives=true": dial tcp: lookup www.googleapis.com: no such host
2026/09/02 17:06:20 ERROR : Screen Recording 2026-07-06 at 1.09.07 PM.mov: Failed to copy: couldn't list directory: Get "https://www.googleapis.com/drive/v3/files?alt=json&fields=files%28id%2Cname%2Csize%2Cmd5Checksum%2Csha1Checksum%2Csha256Checksum%2Ctrashed%2CexplicitlyTrashed%2CmodifiedTime%2CcreatedTime%2CmimeType%2Cparents%2CwebViewLink%2CshortcutDetails%2CexportLinks%2CresourceKey%29%2CnextPageToken%2CincompleteSearch&includeItemsFromAllDrives=true&pageSize=1000&prettyPrint=false&q=trashed%3Dfalse+and+%28%2719jcO15_mO0Lcm3bHjp4TdSNLxQhUHvde%27+in+parents%29+and+%28name%3D%27Screen+Recording+2026-07-06+at+1.09.07%E2%80%AFPM.mov%27%29&supportsAllDrives=true": dial tcp: lookup www.googleapis.com: no such host
2026/09/02 17:06:20 ERROR : Screen Recording 2026-07-06 at 5.16.54 PM.mov: Failed to copy: couldn't list directory: Get "https://www.googleapis.com/drive/v3/files?alt=json&fields=files%28id%2Cname%2Csize%2Cmd5Checksum%2Csha1Checksum%2Csha256Checksum%2Ctrashed%2CexplicitlyTrashed%2CmodifiedTime%2CcreatedTime%2CmimeType%2Cparents%2CwebViewLink%2CshortcutDetails%2CexportLinks%2CresourceKey%29%2CnextPageToken%2CincompleteSearch&includeItemsFromAllDrives=true&pageSize=1000&prettyPrint=false&q=trashed%3Dfalse+and+%28%2719jcO15_mO0Lcm3bHjp4TdSNLxQhUHvde%27+in+parents%29+and+%28name%3D%27Screen+Recording+2026-07-06+at+5.16.54%E2%80%AFPM.mov%27%29&supportsAllDrives=true": dial tcp: lookup www.googleapis.com: no such host
2026/09/02 17:06:20 ERROR : Screen Recording 2026-07-06 at 5.28.19 PM.mov: Failed to copy: couldn't list directory: Get "https://www.googleapis.com/drive/v3/files?alt=json&fields=files%28id%2Cname%2Csize%2Cmd5Checksum%2Csha1Checksum%2Csha256Checksum%2Ctrashed%2CexplicitlyTrashed%2CmodifiedTime%2CcreatedTime%2CmimeType%2Cparents%2CwebViewLink%2CshortcutDetails%2CexportLinks%2CresourceKey%29%2CnextPageToken%2CincompleteSearch&includeItemsFromAllDrives=true&pageSize=1000&prettyPrint=false&q=trashed%3Dfalse+and+%28%2719jcO15_mO0Lcm3bHjp4TdSNLxQhUHvde%27+in+parents%29+and+%28name%3D%27Screen+Recording+2026-07-06+at+5.28.19%E2%80%AFPM.mov%27%29&supportsAllDrives=true": dial tcp: lookup www.googleapis.com: no such host
2026/09/02 17:06:20 ERROR : Screen Recording 2026-07-06 at 9.05.35 PM.mov: Failed to copy: couldn't list directory: Get "https://www.googleapis.com/drive/v3/files?alt=json&fields=files%28id%2Cname%2Csize%2Cmd5Checksum%2Csha1Checksum%2Csha256Checksum%2Ctrashed%2CexplicitlyTrashed%2CmodifiedTime%2CcreatedTime%2CmimeType%2Cparents%2CwebViewLink%2CshortcutDetails%2CexportLinks%2CresourceKey%29%2CnextPageToken%2CincompleteSearch&includeItemsFromAllDrives=true&pageSize=1000&prettyPrint=false&q=trashed%3Dfalse+and+%28%2719jcO15_mO0Lcm3bHjp4TdSNLxQhUHvde%27+in+parents%29+and+%28name%3D%27Screen+Recording+2026-07-06+at+9.05.35%E2%80%AFPM.mov%27%29&supportsAllDrives=true": dial tcp: lookup www.googleapis.com: no such host
2026/09/02 17:06:20 ERROR : Screen Recording 2026-07-08 at 9.41.19 AM.mov: Failed to copy: couldn't list directory: Get "https://www.googleapis.com/drive/v3/files?alt=json&fields=files%28id%2Cname%2Csize%2Cmd5Checksum%2Csha1Checksum%2Csha256Checksum%2Ctrashed%2CexplicitlyTrashed%2CmodifiedTime%2CcreatedTime%2CmimeType%2Cparents%2CwebViewLink%2CshortcutDetails%2CexportLinks%2CresourceKey%29%2CnextPageToken%2CincompleteSearch&includeItemsFromAllDrives=true&pageSize=1000&prettyPrint=false&q=trashed%3Dfalse+and+%28%2719jcO15_mO0Lcm3bHjp4TdSNLxQhUHvde%27+in+parents%29+and+%28name%3D%27Screen+Recording+2026-07-08+at+9.41.19%E2%80%AFAM.mov%27%29&supportsAllDrives=true": dial tcp: lookup www.googleapis.com: no such host
2026/09/02 17:06:20 ERROR : Screen Recording 2026-07-09 at 9.07.10 AM.mov: Failed to copy: couldn't list directory: Get "https://www.googleapis.com/drive/v3/files?alt=json&fields=files%28id%2Cname%2Csize%2Cmd5Checksum%2Csha1Checksum%2Csha256Checksum%2Ctrashed%2CexplicitlyTrashed%2CmodifiedTime%2CcreatedTime%2CmimeType%2Cparents%2CwebViewLink%2CshortcutDetails%2CexportLinks%2CresourceKey%29%2CnextPageToken%2CincompleteSearch&includeItemsFromAllDrives=true&pageSize=1000&prettyPrint=false&q=trashed%3Dfalse+and+%28%2719jcO15_mO0Lcm3bHjp4TdSNLxQhUHvde%27+in+parents%29+and+%28name%3D%27Screen+Recording+2026-07-09+at+9.07.10%E2%80%AFAM.mov%27%29&supportsAllDrives=true": dial tcp: lookup www.googleapis.com: no such host
2026/09/02 17:06:20 ERROR : Screen Recording 2026-07-12 at 9.10.55 PM.mov: Failed to copy: couldn't list directory: Get "https://www.googleapis.com/drive/v3/files?alt=json&fields=files%28id%2Cname%2Csize%2Cmd5Checksum%2Csha1Checksum%2Csha256Checksum%2Ctrashed%2CexplicitlyTrashed%2CmodifiedTime%2CcreatedTime%2CmimeType%2Cparents%2CwebViewLink%2CshortcutDetails%2CexportLinks%2CresourceKey%29%2CnextPageToken%2CincompleteSearch&includeItemsFromAllDrives=true&pageSize=1000&prettyPrint=false&q=trashed%3Dfalse+and+%28%2719jcO15_mO0Lcm3bHjp4TdSNLxQhUHvde%27+in+parents%29+and+%28name%3D%27Screen+Recording+2026-07-12+at+9.10.55%E2%80%AFPM.mov%27%29&supportsAllDrives=true": dial tcp: lookup www.googleapis.com: no such host
2026/09/02 17:06:20 ERROR : Screen Recording 2026-07-13 at 9.33.02 AM.mov: Failed to copy: couldn't list directory: Get "https://www.googleapis.com/drive/v3/files?alt=json&fields=files%28id%2Cname%2Csize%2Cmd5Checksum%2Csha1Checksum%2Csha256Checksum%2Ctrashed%2CexplicitlyTrashed%2CmodifiedTime%2CcreatedTime%2CmimeType%2Cparents%2CwebViewLink%2CshortcutDetails%2CexportLinks%2CresourceKey%29%2CnextPageToken%2CincompleteSearch&includeItemsFromAllDrives=true&pageSize=1000&prettyPrint=false&q=trashed%3Dfalse+and+%28%2719jcO15_mO0Lcm3bHjp4TdSNLxQhUHvde%27+in+parents%29+and+%28name%3D%27Screen+Recording+2026-07-13+at+9.33.02%E2%80%AFAM.mov%27%29&supportsAllDrives=true": dial tcp: lookup www.googleapis.com: no such host
2026/09/02 17:06:20 ERROR : Screen Recording 2026-07-15 at 9.55.19 AM.mov: Failed to copy: couldn't list directory: Get "https://www.googleapis.com/drive/v3/files?alt=json&fields=files%28id%2Cname%2Csize%2Cmd5Checksum%2Csha1Checksum%2Csha256Checksum%2Ctrashed%2CexplicitlyTrashed%2CmodifiedTime%2CcreatedTime%2CmimeType%2Cparents%2CwebViewLink%2CshortcutDetails%2CexportLinks%2CresourceKey%29%2CnextPageToken%2CincompleteSearch&includeItemsFromAllDrives=true&pageSize=1000&prettyPrint=false&q=trashed%3Dfalse+and+%28%2719jcO15_mO0Lcm3bHjp4TdSNLxQhUHvde%27+in+parents%29+and+%28name%3D%27Screen+Recording+2026-07-15+at+9.55.19%E2%80%AFAM.mov%27%29&supportsAllDrives=true": dial tcp: lookup www.googleapis.com: no such host
2026/09/02 17:06:20 ERROR : Screen Recording 2026-07-16 at 8.04.46 AM.mov: Failed to copy: couldn't list directory: Get "https://www.googleapis.com/drive/v3/files?alt=json&fields=files%28id%2Cname%2Csize%2Cmd5Checksum%2Csha1Checksum%2Csha256Checksum%2Ctrashed%2CexplicitlyTrashed%2CmodifiedTime%2CcreatedTime%2CmimeType%2Cparents%2CwebViewLink%2CshortcutDetails%2CexportLinks%2CresourceKey%29%2CnextPageToken%2CincompleteSearch&includeItemsFromAllDrives=true&pageSize=1000&prettyPrint=false&q=trashed%3Dfalse+and+%28%2719jcO15_mO0Lcm3bHjp4TdSNLxQhUHvde%27+in+parents%29+and+%28name%3D%27Screen+Recording+2026-07-16+at+8.04.46%E2%80%AFAM.mov%27%29&supportsAllDrives=true": dial tcp: lookup www.googleapis.com: no such host
2026/09/02 17:06:20 ERROR : Screen Recording 2026-08-17 at 9.42.09 AM.mov: Failed to copy: couldn't list directory: Get "https://www.googleapis.com/drive/v3/files?alt=json&fields=files%28id%2Cname%2Csize%2Cmd5Checksum%2Csha1Checksum%2Csha256Checksum%2Ctrashed%2CexplicitlyTrashed%2CmodifiedTime%2CcreatedTime%2CmimeType%2Cparents%2CwebViewLink%2CshortcutDetails%2CexportLinks%2CresourceKey%29%2CnextPageToken%2CincompleteSearch&includeItemsFromAllDrives=true&pageSize=1000&prettyPrint=false&q=trashed%3Dfalse+and+%28%2719jcO15_mO0Lcm3bHjp4TdSNLxQhUHvde%27+in+parents%29+and+%28name%3D%27Screen+Recording+2026-08-17+at+9.42.09%E2%80%AFAM.mov%27%29&supportsAllDrives=true": dial tcp: lookup www.googleapis.com: no such host
2026/09/02 17:06:20 ERROR : Screen Recording 2026-08-26 at 8.36.24 AM.mov: Failed to copy: couldn't list directory: Get "https://www.googleapis.com/drive/v3/files?alt=json&fields=files%28id%2Cname%2Csize%2Cmd5Checksum%2Csha1Checksum%2Csha256Checksum%2Ctrashed%2CexplicitlyTrashed%2CmodifiedTime%2CcreatedTime%2CmimeType%2Cparents%2CwebViewLink%2CshortcutDetails%2CexportLinks%2CresourceKey%29%2CnextPageToken%2CincompleteSearch&includeItemsFromAllDrives=true&pageSize=1000&prettyPrint=false&q=trashed%3Dfalse+and+%28%2719jcO15_mO0Lcm3bHjp4TdSNLxQhUHvde%27+in+parents%29+and+%28name%3D%27Screen+Recording+2026-08-26+at+8.36.24%E2%80%AFAM.mov%27%29&supportsAllDrives=true": dial tcp: lookup www.googleapis.com: no such host
2026/09/02 17:06:20 ERROR : Screen Recording 2026-08-30 at 7.43.11 AM.mov: Failed to copy: couldn't list directory: Get "https://www.googleapis.com/drive/v3/files?alt=json&fields=files%28id%2Cname%2Csize%2Cmd5Checksum%2Csha1Checksum%2Csha256Checksum%2Ctrashed%2CexplicitlyTrashed%2CmodifiedTime%2CcreatedTime%2CmimeType%2Cparents%2CwebViewLink%2CshortcutDetails%2CexportLinks%2CresourceKey%29%2CnextPageToken%2CincompleteSearch&includeItemsFromAllDrives=true&pageSize=1000&prettyPrint=false&q=trashed%3Dfalse+and+%28%2719jcO15_mO0Lcm3bHjp4TdSNLxQhUHvde%27+in+parents%29+and+%28name%3D%27Screen+Recording+2026-08-30+at+7.43.11%E2%80%AFAM.mov%27%29&supportsAllDrives=true": dial tcp: lookup www.googleapis.com: no such host
2026/09/02 17:06:20 ERROR : Screen Recording 2026-09-01 at 3.43.39 PM.mov: Failed to copy: couldn't list directory: Get "https://www.googleapis.com/drive/v3/files?alt=json&fields=files%28id%2Cname%2Csize%2Cmd5Checksum%2Csha1Checksum%2Csha256Checksum%2Ctrashed%2CexplicitlyTrashed%2CmodifiedTime%2CcreatedTime%2CmimeType%2Cparents%2CwebViewLink%2CshortcutDetails%2CexportLinks%2CresourceKey%29%2CnextPageToken%2CincompleteSearch&includeItemsFromAllDrives=true&pageSize=1000&prettyPrint=false&q=trashed%3Dfalse+and+%28%2719jcO15_mO0Lcm3bHjp4TdSNLxQhUHvde%27+in+parents%29+and+%28name%3D%27Screen+Recording+2026-09-01+at+3.43.39%E2%80%AFPM.mov%27%29&supportsAllDrives=true": dial tcp: lookup www.googleapis.com: no such host
2026/09/02 17:06:20 ERROR : Screen Recording 2026-09-01 at 8.39.33 AM.mov: Failed to copy: couldn't list directory: Get "https://www.googleapis.com/drive/v3/files?alt=json&fields=files%28id%2Cname%2Csize%2Cmd5Checksum%2Csha1Checksum%2Csha256Checksum%2Ctrashed%2CexplicitlyTrashed%2CmodifiedTime%2CcreatedTime%2CmimeType%2Cparents%2CwebViewLink%2CshortcutDetails%2CexportLinks%2CresourceKey%29%2CnextPageToken%2CincompleteSearch&includeItemsFromAllDrives=true&pageSize=1000&prettyPrint=false&q=trashed%3Dfalse+and+%28%2719jcO15_mO0Lcm3bHjp4TdSNLxQhUHvde%27+in+parents%29+and+%28name%3D%27Screen+Recording+2026-09-01+at+8.39.33%E2%80%AFAM.mov%27%29&supportsAllDrives=true": dial tcp: lookup www.googleapis.com: no such host
2026/09/02 17:06:20 ERROR : Screen Recording 2026-09-02 at 9.23.19 AM.mov: Failed to copy: couldn't list directory: Get "https://www.googleapis.com/drive/v3/files?alt=json&fields=files%28id%2Cname%2Csize%2Cmd5Checksum%2Csha1Checksum%2Csha256Checksum%2Ctrashed%2CexplicitlyTrashed%2CmodifiedTime%2CcreatedTime%2CmimeType%2Cparents%2CwebViewLink%2CshortcutDetails%2CexportLinks%2CresourceKey%29%2CnextPageToken%2CincompleteSearch&includeItemsFromAllDrives=true&pageSize=1000&prettyPrint=false&q=trashed%3Dfalse+and+%28%2719jcO15_mO0Lcm3bHjp4TdSNLxQhUHvde%27+in+parents%29+and+%28name%3D%27Screen+Recording+2026-09-02+at+9.23.19%E2%80%AFAM.mov%27%29&supportsAllDrives=true": dial tcp: lookup www.googleapis.com: no such host
2026/09/02 17:06:26 NOTICE:    16.671 GiB / 18.194 GiB, 92%, 10.300 MiB/s, ETA 2m31s
