
 RUN  v4.1.10 /Users/dspaidnoosleep/wealthymindsets-pro

 ❯ src/lib/marketData/sessionToken.test.ts (17 tests | 3 failed) 9ms
     × calls selectCanonicalSessionToken and renders ITS token 4ms
     × BANS the dead ternary that decided the chip by a non-nullable result's existence 1ms
     × BANS rendering the STORE KEY session as a display truth 0ms

⎯⎯⎯⎯⎯⎯⎯ Failed Tests 3 ⎯⎯⎯⎯⎯⎯⎯

 FAIL  src/lib/marketData/sessionToken.test.ts > MobileSessionPill delegates the session chip to the canonical owner > calls selectCanonicalSessionToken and renders ITS token
AssertionError: expected '"use client";\n\n \n\nimport * as Rea…' to contain 'const sessionToken = sessionTruth.tok…'

- Expected
+ Received

- const sessionToken = sessionTruth.token;
+ "use client";
+
+  
+
+ import * as React from "react";
+ import Link from "next/link";
+ import { useActiveSymbol } from "@/contexts/SymbolContext";
+ import {
+   getKnownSessionSymbols,
+   subscribeSessionSymbolStore,
+ } from "@/lib/marketData/sessionSymbolStore";
+ import {
+   canonicalAssetClass,
+   canonicalMarketStateIdentity,
+   selectCanonicalFuturesSessionTruth,
+   selectCanonicalSessionToken,
+ } from "@/lib/marketData/canonicalIdentity";
+ import { useSessionClockDate } from "@/lib/marketData/useProvenSessionClosure";
+ import { useCanvasClock } from "@/lib/marketData/viewModels/canvasClock";
+
+ const FRESH_WINDOW_MS = 30_000; 
+
+ interface SymbolReading {
+   hydrated: boolean;
+   trades: number;
+   channels: number;
+   lastTradeMs: number | null;
+ }
+
+ function useActiveSymbolReading(symbol: string): SymbolReading {
+   const [tick, force] = React.useReducer((n: number) => n + 1, 0);
+   const [hydrated, setHydrated] = React.useState(false);
+   React.useEffect(() => { setHydrated(true); }, []);
+   React.useEffect(() => subscribeSessionSymbolStore(() => force()), []);
+   
+   
+   React.useEffect(() => {
+     const h = setInterval(() => force(), 5_000);
+     return () => clearInterval(h);
+   }, []);
+   return React.useMemo(() => {
+     if (!hydrated) return { hydrated: false, trades: 0, channels: 0, lastTradeMs: null };
+     const upper = symbol.toUpperCase();
+     const rows = getKnownSessionSymbols().filter(s => s.symbol.toUpperCase() === upper && s.slot.stats.tradeCount > 0);
+     const trades = rows.reduce((sum, r) => sum + r.slot.stats.tradeCount, 0);
+     
+     
+     
+     
+     const lastTradeMs = rows.reduce<number | null>((acc, r) => {
+       const t = r.slot.lastTradeAtMs
+         ?? (r.slot.horizon?.startedAtSec != null ? r.slot.horizon.startedAtSec * 1000 : null);
+       if (t == null) return acc;
+       return acc == null ? t : Math.max(acc, t);
+     }, null);
+     return { hydrated: true, trades, channels: rows.length, lastTradeMs };
+   }, [symbol, tick, hydrated]);
+ }
+
+ export function MobileSessionPill(): React.ReactElement | null {
+   const { activeSymbol } = useActiveSymbol();
+   const symbol = (activeSymbol || "").toUpperCase() || "TSLA";
+   const reading = useActiveSymbolReading(symbol);
+
+   
+   
+   
+   
+   
+   const identity = React.useMemo(
+     () => canonicalMarketStateIdentity({ symbol, timeframe: "1m", extHours: false }),
+     [symbol],
+   );
+
+   
+   
+   
+   
+   const sessionClockDate = useSessionClockDate();
+
+   
+   
+   
+   
+   
+   
+   
+   
+   const tickedNowMs = useCanvasClock();
+
+   if (!reading.hydrated) return null;
+
+   const now = tickedNowMs ?? Date.now();
+   const observed = reading.trades > 0;
+   const fresh = observed && reading.lastTradeMs != null && now - reading.lastTradeMs < FRESH_WINDOW_MS;
+
+   const dotColor = !observed ? "#8a8271" : fresh ? "#00E88A" : "#F5A623";
+   const dotShadow = fresh ? "0 0 3px #00E88A" : "none";
+
+   const status = !observed ? "no trades yet" : fresh ? "live tape" : "observed";
+   const detail = observed
+     ? `${reading.trades.toLocaleString("en-US")} trade${reading.trades === 1 ? "" : "s"} observed`
+     : "browser-local memory empty";
+   const assetClass = canonicalAssetClass(symbol);
+   const futuresTruth = assetClass === "futures"
+     ? selectCanonicalFuturesSessionTruth({
+         instrumentId: identity.instrumentId,
+         assetClass,
+         requestedFilter: identity.session === "EXTENDED" ? "EXTENDED" : "RTH",
+         observedActivityAt: reading.lastTradeMs,
+         evaluatedAt: now,
+       })
+     : null;
+
+   
+   
+   
+   
+   
+   
+   
+   const session = identity.session.toUpperCase();
+   const sessionTruth = selectCanonicalSessionToken({
+     symbol,
+     at: sessionClockDate,
+     assetClass,
+   });
+   const sessionToken = futuresTruth ? "SESSION ?" : session;
+
+   
+   
+   
+   
+   
+   
+   const activityPhrase = futuresTruth
+     ? (futuresTruth.activity === "OBSERVED" ? "futures activity observed" : "no futures activity observed")
+     : status;
+   const accessibleStatus = `session ${sessionToken}, ${sessionTruth.detail}; ${activityPhrase}`;
+
+   return (
+     <Link
+       href="/charts"
+       aria-label={`${symbol} — ${accessibleStatus}, ${detail}. Open chart.`}
+       title={`${symbol} · ${sessionToken}\n${accessibleStatus} — ${detail}`}
+       className="wm-mobile-session-pill"
+       style={{
+         display: "inline-flex",
+         alignItems: "center",
+         gap: 6,
+         minHeight: 32,
+         padding: "4px 10px",
+         borderRadius: 999,
+         border: "1px solid rgba(139,106,41,0.35)",
+         background: "rgba(212,175,55,0.06)",
+         color: "#ede6d3",
+         fontSize: 10,
+         fontWeight: 700,
+         letterSpacing: 0.4,
+         textDecoration: "none",
+         textTransform: "uppercase",
+         fontVariantNumeric: "tabular-nums",
+         whiteSpace: "nowrap",
+         overflow: "hidden",
+         textOverflow: "ellipsis",
+       }}
+     >
+       <span
+         aria-hidden="true"
+         style={{
+           width: 6, height: 6, borderRadius: "50%", flexShrink: 0,
+           background: dotColor, boxShadow: dotShadow,
+         }}
+       />
+       <span style={{ overflow: "hidden", textOverflow: "ellipsis" }}>{symbol}</span>
+       <span
+         style={{
+           color: "#c9a55c",
+           fontWeight: 500,
+           letterSpacing: 0.3,
+           fontSize: 8,
+           padding: "1px 4px",
+           borderRadius: 3,
+           border: "1px solid rgba(201,165,92,0.32)",
+           background: "rgba(201,165,92,0.06)",
+           lineHeight: 1.1,
+         }}
+         aria-hidden="true"
+       >
+         {sessionToken}
+       </span>
+       {observed && (
+         <span style={{ color: "#8a8271", fontWeight: 500, letterSpacing: 0.3 }}>
+           · {reading.trades > 999 ? `${Math.round(reading.trades / 1000)}k` : reading.trades}
+         </span>
+       )}
+     </Link>
+   );
+ }
+
+ export default MobileSessionPill;
+

 ❯ src/lib/marketData/sessionToken.test.ts:203:17
    201|     const src = stripComments(pillSrc());
    202|     expect(src).toContain("selectCanonicalSessionToken");
    203|     expect(src).toContain("const sessionToken = sessionTruth.token;");
       |                 ^
    204|   });
    205|

⎯⎯⎯⎯⎯⎯⎯⎯⎯⎯⎯⎯⎯⎯⎯⎯⎯⎯⎯⎯⎯⎯⎯⎯[1/3]⎯

 FAIL  src/lib/marketData/sessionToken.test.ts > MobileSessionPill delegates the session chip to the canonical owner > BANS the dead ternary that decided the chip by a non-nullable result's existence
AssertionError: the futures branch was a constant — it tested existence and discarded the content: expected '"use client";\n\n \n\nimport * as Rea…' not to match /futuresTruth\s*\?\s*["']SESSION \?["']/

- Expected:
/futuresTruth\s*\?\s*["']SESSION \?["']/

+ Received:
"\"use client\";

 

import * as React from \"react\";
import Link from \"next/link\";
import { useActiveSymbol } from \"@/contexts/SymbolContext\";
import {
  getKnownSessionSymbols,
  subscribeSessionSymbolStore,
} from \"@/lib/marketData/sessionSymbolStore\";
import {
  canonicalAssetClass,
  canonicalMarketStateIdentity,
  selectCanonicalFuturesSessionTruth,
  selectCanonicalSessionToken,
} from \"@/lib/marketData/canonicalIdentity\";
import { useSessionClockDate } from \"@/lib/marketData/useProvenSessionClosure\";
import { useCanvasClock } from \"@/lib/marketData/viewModels/canvasClock\";

const FRESH_WINDOW_MS = 30_000; 

interface SymbolReading {
  hydrated: boolean;
  trades: number;
  channels: number;
  lastTradeMs: number | null;
}

function useActiveSymbolReading(symbol: string): SymbolReading {
  const [tick, force] = React.useReducer((n: number) => n + 1, 0);
  const [hydrated, setHydrated] = React.useState(false);
  React.useEffect(() => { setHydrated(true); }, []);
  React.useEffect(() => subscribeSessionSymbolStore(() => force()), []);
  
  
  React.useEffect(() => {
    const h = setInterval(() => force(), 5_000);
    return () => clearInterval(h);
  }, []);
  return React.useMemo(() => {
    if (!hydrated) return { hydrated: false, trades: 0, channels: 0, lastTradeMs: null };
    const upper = symbol.toUpperCase();
    const rows = getKnownSessionSymbols().filter(s => s.symbol.toUpperCase() === upper && s.slot.stats.tradeCount > 0);
    const trades = rows.reduce((sum, r) => sum + r.slot.stats.tradeCount, 0);
    
    
    
    
    const lastTradeMs = rows.reduce<number | null>((acc, r) => {
      const t = r.slot.lastTradeAtMs
        ?? (r.slot.horizon?.startedAtSec != null ? r.slot.horizon.startedAtSec * 1000 : null);
      if (t == null) return acc;
      return acc == null ? t : Math.max(acc, t);
    }, null);
    return { hydrated: true, trades, channels: rows.length, lastTradeMs };
  }, [symbol, tick, hydrated]);
}

export function MobileSessionPill(): React.ReactElement | null {
  const { activeSymbol } = useActiveSymbol();
  const symbol = (activeSymbol || \"\").toUpperCase() || \"TSLA\";
  const reading = useActiveSymbolReading(symbol);

  
  
  
  
  
  const identity = React.useMemo(
    () => canonicalMarketStateIdentity({ symbol, timeframe: \"1m\", extHours: false }),
    [symbol],
  );

  
  
  
  
  const sessionClockDate = useSessionClockDate();

  
  
  
  
  
  
  
  
  const tickedNowMs = useCanvasClock();

  if (!reading.hydrated) return null;

  const now = tickedNowMs ?? Date.now();
  const observed = reading.trades > 0;
  const fresh = observed && reading.lastTradeMs != null && now - reading.lastTradeMs < FRESH_WINDOW_MS;

  const dotColor = !observed ? \"#8a8271\" : fresh ? \"#00E88A\" : \"#F5A623\";
  const dotShadow = fresh ? \"0 0 3px #00E88A\" : \"none\";

  const status = !observed ? \"no trades yet\" : fresh ? \"live tape\" : \"observed\";
  const detail = observed
    ? `${reading.trades.toLocaleString(\"en-US\")} trade${reading.trades === 1 ? \"\" : \"s\"} observed`
    : \"browser-local memory empty\";
  const assetClass = canonicalAssetClass(symbol);
  const futuresTruth = assetClass === \"futures\"
    ? selectCanonicalFuturesSessionTruth({
        instrumentId: identity.instrumentId,
        assetClass,
        requestedFilter: identity.session === \"EXTENDED\" ? \"EXTENDED\" : \"RTH\",
        observedActivityAt: reading.lastTradeMs,
        evaluatedAt: now,
      })
    : null;

  
  
  
  
  
  
  
  const session = identity.session.toUpperCase();
  const sessionTruth = selectCanonicalSessionToken({
    symbol,
    at: sessionClockDate,
    assetClass,
  });
  const sessionToken = futuresTruth ? \"SESSION ?\" : session;

  
  
  
  
  
  
  const activityPhrase = futuresTruth
    ? (futuresTruth.activity === \"OBSERVED\" ? \"futures activity observed\" : \"no futures activity observed\")
    : status;
  const accessibleStatus = `session ${sessionToken}, ${sessionTruth.detail}; ${activityPhrase}`;

  return (
    <Link
      href=\"/charts\"
      aria-label={`${symbol} — ${accessibleStatus}, ${detail}. Open chart.`}
      title={`${symbol} · ${sessionToken}\\n${accessibleStatus} — ${detail}`}
      className=\"wm-mobile-session-pill\"
      style={{
        display: \"inline-flex\",
        alignItems: \"center\",
        gap: 6,
        minHeight: 32,
        padding: \"4px 10px\",
        borderRadius: 999,
        border: \"1px solid rgba(139,106,41,0.35)\",
        background: \"rgba(212,175,55,0.06)\",
        color: \"#ede6d3\",
        fontSize: 10,
        fontWeight: 700,
        letterSpacing: 0.4,
        textDecoration: \"none\",
        textTransform: \"uppercase\",
        fontVariantNumeric: \"tabular-nums\",
        whiteSpace: \"nowrap\",
        overflow: \"hidden\",
        textOverflow: \"ellipsis\",
      }}
    >
      <span
        aria-hidden=\"true\"
        style={{
          width: 6, height: 6, borderRadius: \"50%\", flexShrink: 0,
          background: dotColor, boxShadow: dotShadow,
        }}
      />
      <span style={{ overflow: \"hidden\", textOverflow: \"ellipsis\" }}>{symbol}</span>
      <span
        style={{
          color: \"#c9a55c\",
          fontWeight: 500,
          letterSpacing: 0.3,
          fontSize: 8,
          padding: \"1px 4px\",
          borderRadius: 3,
          border: \"1px solid rgba(201,165,92,0.32)\",
          background: \"rgba(201,165,92,0.06)\",
          lineHeight: 1.1,
        }}
        aria-hidden=\"true\"
      >
        {sessionToken}
      </span>
      {observed && (
        <span style={{ color: \"#8a8271\", fontWeight: 500, letterSpacing: 0.3 }}>
          · {reading.trades > 999 ? `${Math.round(reading.trades / 1000)}k` : reading.trades}
        </span>
      )}
    </Link>
  );
}

export default MobileSessionPill;
"

 ❯ src/lib/marketData/sessionToken.test.ts:211:11
    209|       src,
    210|       "the futures branch was a constant — it tested existence and dis…
    211|     ).not.toMatch(/futuresTruth\s*\?\s*["']SESSION \?["']/);
       |           ^
    212|   });
    213|

⎯⎯⎯⎯⎯⎯⎯⎯⎯⎯⎯⎯⎯⎯⎯⎯⎯⎯⎯⎯⎯⎯⎯⎯[2/3]⎯

 FAIL  src/lib/marketData/sessionToken.test.ts > MobileSessionPill delegates the session chip to the canonical owner > BANS rendering the STORE KEY session as a display truth
AssertionError: expected '"use client";\n\n \n\nimport * as Rea…' not to match /const\s+session\s*=\s*identity\.sessi…/

- Expected:
/const\s+session\s*=\s*identity\.session/

+ Received:
"\"use client\";

 

import * as React from \"react\";
import Link from \"next/link\";
import { useActiveSymbol } from \"@/contexts/SymbolContext\";
import {
  getKnownSessionSymbols,
  subscribeSessionSymbolStore,
} from \"@/lib/marketData/sessionSymbolStore\";
import {
  canonicalAssetClass,
  canonicalMarketStateIdentity,
  selectCanonicalFuturesSessionTruth,
  selectCanonicalSessionToken,
} from \"@/lib/marketData/canonicalIdentity\";
import { useSessionClockDate } from \"@/lib/marketData/useProvenSessionClosure\";
import { useCanvasClock } from \"@/lib/marketData/viewModels/canvasClock\";

const FRESH_WINDOW_MS = 30_000; 

interface SymbolReading {
  hydrated: boolean;
  trades: number;
  channels: number;
  lastTradeMs: number | null;
}

function useActiveSymbolReading(symbol: string): SymbolReading {
  const [tick, force] = React.useReducer((n: number) => n + 1, 0);
  const [hydrated, setHydrated] = React.useState(false);
  React.useEffect(() => { setHydrated(true); }, []);
  React.useEffect(() => subscribeSessionSymbolStore(() => force()), []);
  
  
  React.useEffect(() => {
    const h = setInterval(() => force(), 5_000);
    return () => clearInterval(h);
  }, []);
  return React.useMemo(() => {
    if (!hydrated) return { hydrated: false, trades: 0, channels: 0, lastTradeMs: null };
    const upper = symbol.toUpperCase();
    const rows = getKnownSessionSymbols().filter(s => s.symbol.toUpperCase() === upper && s.slot.stats.tradeCount > 0);
    const trades = rows.reduce((sum, r) => sum + r.slot.stats.tradeCount, 0);
    
    
    
    
    const lastTradeMs = rows.reduce<number | null>((acc, r) => {
      const t = r.slot.lastTradeAtMs
        ?? (r.slot.horizon?.startedAtSec != null ? r.slot.horizon.startedAtSec * 1000 : null);
      if (t == null) return acc;
      return acc == null ? t : Math.max(acc, t);
    }, null);
    return { hydrated: true, trades, channels: rows.length, lastTradeMs };
  }, [symbol, tick, hydrated]);
}

export function MobileSessionPill(): React.ReactElement | null {
  const { activeSymbol } = useActiveSymbol();
  const symbol = (activeSymbol || \"\").toUpperCase() || \"TSLA\";
  const reading = useActiveSymbolReading(symbol);

  
  
  
  
  
  const identity = React.useMemo(
    () => canonicalMarketStateIdentity({ symbol, timeframe: \"1m\", extHours: false }),
    [symbol],
  );

  
  
  
  
  const sessionClockDate = useSessionClockDate();

  
  
  
  
  
  
  
  
  const tickedNowMs = useCanvasClock();

  if (!reading.hydrated) return null;

  const now = tickedNowMs ?? Date.now();
  const observed = reading.trades > 0;
  const fresh = observed && reading.lastTradeMs != null && now - reading.lastTradeMs < FRESH_WINDOW_MS;

  const dotColor = !observed ? \"#8a8271\" : fresh ? \"#00E88A\" : \"#F5A623\";
  const dotShadow = fresh ? \"0 0 3px #00E88A\" : \"none\";

  const status = !observed ? \"no trades yet\" : fresh ? \"live tape\" : \"observed\";
  const detail = observed
    ? `${reading.trades.toLocaleString(\"en-US\")} trade${reading.trades === 1 ? \"\" : \"s\"} observed`
    : \"browser-local memory empty\";
  const assetClass = canonicalAssetClass(symbol);
  const futuresTruth = assetClass === \"futures\"
    ? selectCanonicalFuturesSessionTruth({
        instrumentId: identity.instrumentId,
        assetClass,
        requestedFilter: identity.session === \"EXTENDED\" ? \"EXTENDED\" : \"RTH\",
        observedActivityAt: reading.lastTradeMs,
        evaluatedAt: now,
      })
    : null;

  
  
  
  
  
  
  
  const session = identity.session.toUpperCase();
  const sessionTruth = selectCanonicalSessionToken({
    symbol,
    at: sessionClockDate,
    assetClass,
  });
  const sessionToken = futuresTruth ? \"SESSION ?\" : session;

  
  
  
  
  
  
  const activityPhrase = futuresTruth
    ? (futuresTruth.activity === \"OBSERVED\" ? \"futures activity observed\" : \"no futures activity observed\")
    : status;
  const accessibleStatus = `session ${sessionToken}, ${sessionTruth.detail}; ${activityPhrase}`;

  return (
    <Link
      href=\"/charts\"
      aria-label={`${symbol} — ${accessibleStatus}, ${detail}. Open chart.`}
      title={`${symbol} · ${sessionToken}\\n${accessibleStatus} — ${detail}`}
      className=\"wm-mobile-session-pill\"
      style={{
        display: \"inline-flex\",
        alignItems: \"center\",
        gap: 6,
        minHeight: 32,
        padding: \"4px 10px\",
        borderRadius: 999,
        border: \"1px solid rgba(139,106,41,0.35)\",
        background: \"rgba(212,175,55,0.06)\",
        color: \"#ede6d3\",
        fontSize: 10,
        fontWeight: 700,
        letterSpacing: 0.4,
        textDecoration: \"none\",
        textTransform: \"uppercase\",
        fontVariantNumeric: \"tabular-nums\",
        whiteSpace: \"nowrap\",
        overflow: \"hidden\",
        textOverflow: \"ellipsis\",
      }}
    >
      <span
        aria-hidden=\"true\"
        style={{
          width: 6, height: 6, borderRadius: \"50%\", flexShrink: 0,
          background: dotColor, boxShadow: dotShadow,
        }}
      />
      <span style={{ overflow: \"hidden\", textOverflow: \"ellipsis\" }}>{symbol}</span>
      <span
        style={{
          color: \"#c9a55c\",
          fontWeight: 500,
          letterSpacing: 0.3,
          fontSize: 8,
          padding: \"1px 4px\",
          borderRadius: 3,
          border: \"1px solid rgba(201,165,92,0.32)\",
          background: \"rgba(201,165,92,0.06)\",
          lineHeight: 1.1,
        }}
        aria-hidden=\"true\"
      >
        {sessionToken}
      </span>
      {observed && (
        <span style={{ color: \"#8a8271\", fontWeight: 500, letterSpacing: 0.3 }}>
          · {reading.trades > 999 ? `${Math.round(reading.trades / 1000)}k` : reading.trades}
        </span>
      )}
    </Link>
  );
}

export default MobileSessionPill;
"

 ❯ src/lib/marketData/sessionToken.test.ts:218:21
    216|     // `identity.session` may still be read for the requested-hours FI…
    217|     // (a user preference), but must never be turned into the visible …
    218|     expect(src).not.toMatch(/const\s+session\s*=\s*identity\.session/);
       |                     ^
    219|     expect(src).not.toMatch(/\{\s*session\s*\}/);
    220|   });

⎯⎯⎯⎯⎯⎯⎯⎯⎯⎯⎯⎯⎯⎯⎯⎯⎯⎯⎯⎯⎯⎯⎯⎯[3/3]⎯


 Test Files  1 failed (1)
      Tests  3 failed | 14 passed (17)
   Start at  21:08:13
   Duration  104ms (transform 24ms, setup 0ms, import 31ms, tests 9ms, environment 0ms)

