
 RUN  v4.1.10 /Users/dspaidnoosleep/wealthymindsets-pro

 ❯ src/lib/experience/deckSceneSignals.test.ts (36 tests | 3 failed) 7ms
     × PROOF the comment-stripper leaves this file's real code intact 2ms
     × calls selectCanonicalSessionToken and feeds ITS token to the adapter 0ms
     × uses the mount-safe day clock, not the 5s cadence clock, for closure 0ms

⎯⎯⎯⎯⎯⎯⎯ Failed Tests 3 ⎯⎯⎯⎯⎯⎯⎯

 FAIL  src/lib/experience/deckSceneSignals.test.ts > /command-deck wires the scene from the owner, not the store key > PROOF the comment-stripper leaves this file's real code intact
AssertionError: expected '' to contain 'deckSceneSignals'

- Expected
+ Received

- deckSceneSignals

 ❯ src/lib/experience/deckSceneSignals.test.ts:329:17
    327|     // vacuously. That has actually happened in this codebase.
    328|     const src = stripComments(DECK_PAGE());
    329|     expect(src).toContain("deckSceneSignals");
       |                 ^
    330|     expect(src).toContain("compileScene");
    331|     expect(src.length).toBeGreaterThan(5000);

⎯⎯⎯⎯⎯⎯⎯⎯⎯⎯⎯⎯⎯⎯⎯⎯⎯⎯⎯⎯⎯⎯⎯⎯[1/3]⎯

 FAIL  src/lib/experience/deckSceneSignals.test.ts > /command-deck wires the scene from the owner, not the store key > calls selectCanonicalSessionToken and feeds ITS token to the adapter
AssertionError: expected '' to contain 'selectCanonicalSessionToken'

- Expected
+ Received

- selectCanonicalSessionToken

 ❯ src/lib/experience/deckSceneSignals.test.ts:341:17
    339|   it("calls selectCanonicalSessionToken and feeds ITS token to the ada…
    340|     const src = stripComments(DECK_PAGE());
    341|     expect(src).toContain("selectCanonicalSessionToken");
       |                 ^
    342|     expect(src).toMatch(/session:\s*sessionTruth\.token/);
    343|   });

⎯⎯⎯⎯⎯⎯⎯⎯⎯⎯⎯⎯⎯⎯⎯⎯⎯⎯⎯⎯⎯⎯⎯⎯[2/3]⎯

 FAIL  src/lib/experience/deckSceneSignals.test.ts > /command-deck wires the scene from the owner, not the store key > uses the mount-safe day clock, not the 5s cadence clock, for closure
AssertionError: expected '' to contain 'useSessionClockDate'

- Expected
+ Received

- useSessionClockDate

 ❯ src/lib/experience/deckSceneSignals.test.ts:347:17
    345|   it("uses the mount-safe day clock, not the 5s cadence clock, for clo…
    346|     const src = stripComments(DECK_PAGE());
    347|     expect(src).toContain("useSessionClockDate");
       |                 ^
    348|     expect(src).toMatch(/at:\s*sessionClockDate/);
    349|   });

⎯⎯⎯⎯⎯⎯⎯⎯⎯⎯⎯⎯⎯⎯⎯⎯⎯⎯⎯⎯⎯⎯⎯⎯[3/3]⎯


 Test Files  1 failed (1)
      Tests  3 failed | 33 passed (36)
   Start at  21:30:51
   Duration  183ms (transform 29ms, setup 0ms, import 40ms, tests 7ms, environment 0ms)

